{"level":"info","message":"PostgreSQL connection established","service":"crm-inventario","timestamp":"2026-07-30 16:35:29"}
{"duration":"1584ms","ip":"::1","level":"info","message":"GET /api/health","service":"crm-inventario","status":200,"timestamp":"2026-07-30 16:35:29"}
{"level":"info","message":"PostgreSQL connection removed from pool","service":"crm-inventario","timestamp":"2026-07-30 16:35:59"}
{"level":"info","message":"PostgreSQL connection established","service":"crm-inventario","timestamp":"2026-07-30 16:40:26"}
{"level":"info","message":"Schema initialized (PostgreSQL)","service":"crm-inventario","timestamp":"2026-07-30 16:40:26"}
{"level":"info","message":"Schema initialized, system ready","service":"crm-inventario","timestamp":"2026-07-30 16:40:26"}
{"duration":"1488ms","ip":"::1","level":"info","message":"GET /api/business/status","service":"crm-inventario","status":200,"timestamp":"2026-07-30 16:40:26"}
{"duration":"149ms","ip":"::1","level":"info","message":"GET /api/business/status","service":"crm-inventario","status":304,"timestamp":"2026-07-30 16:40:27"}
{"duration":"119ms","ip":"::1","level":"info","message":"GET /api/business/status","service":"crm-inventario","status":304,"timestamp":"2026-07-30 16:40:55"}
{"duration":"127ms","ip":"::1","level":"info","message":"GET /api/business/status","service":"crm-inventario","status":304,"timestamp":"2026-07-30 16:40:55"}
{"duration":"120ms","ip":"::1","level":"info","message":"GET /api/business/status","service":"crm-inventario","status":304,"timestamp":"2026-07-30 16:40:58"}
{"duration":"133ms","ip":"::1","level":"info","message":"GET /api/business/status","service":"crm-inventario","status":304,"timestamp":"2026-07-30 16:40:58"}
{"level":"info","message":"PostgreSQL connection removed from pool","service":"crm-inventario","timestamp":"2026-07-30 16:41:28"}
{"level":"info","message":"PostgreSQL connection established","service":"crm-inventario","timestamp":"2026-07-30 16:45:31"}
{"duration":"2481ms","ip":"::1","level":"info","message":"GET /api/business/status","service":"crm-inventario","status":304,"timestamp":"2026-07-30 16:45:32"}
{"duration":"132ms","ip":"::1","level":"info","message":"GET /api/business/status","service":"crm-inventario","status":304,"timestamp":"2026-07-30 16:45:41"}
{"duration":"128ms","ip":"::1","level":"info","message":"GET /api/business/status","service":"crm-inventario","status":304,"timestamp":"2026-07-30 16:45:51"}
{"level":"info","message":"PostgreSQL connection removed from pool","service":"crm-inventario","timestamp":"2026-07-30 16:46:21"}
{"level":"info","message":"PostgreSQL connection established","service":"crm-inventario","timestamp":"2026-07-30 16:51:02"}
{"level":"info","message":"Schema initialized (PostgreSQL)","service":"crm-inventario","timestamp":"2026-07-30 16:51:02"}
{"level":"info","message":"Schema initialized, system ready","service":"crm-inventario","timestamp":"2026-07-30 16:51:02"}
{"duration":"2106ms","ip":"::1","level":"info","message":"GET /api/business/status","service":"crm-inventario","status":304,"timestamp":"2026-07-30 16:51:02"}
{"duration":"131ms","ip":"::1","level":"info","message":"GET /api/business/status","service":"crm-inventario","status":304,"timestamp":"2026-07-30 16:51:12"}
{"level":"info","message":"PostgreSQL connection removed from pool","service":"crm-inventario","timestamp":"2026-07-30 16:51:43"}
{"level":"info","message":"PostgreSQL connection established","service":"crm-inventario","timestamp":"2026-07-30 17:03:00"}
{"level":"info","message":"Schema initialized (PostgreSQL)","service":"crm-inventario","timestamp":"2026-07-30 17:03:00"}
{"level":"info","message":"Schema initialized, system ready","service":"crm-inventario","timestamp":"2026-07-30 17:03:00"}
{"duration":"2195ms","ip":"::1","level":"info","message":"POST /api/auth/login","service":"crm-inventario","status":200,"timestamp":"2026-07-30 17:03:00"}
{"duration":"808ms","ip":"::1","level":"info","message":"GET /api/dashboard/stats","service":"crm-inventario","status":200,"timestamp":"2026-07-30 17:03:02","user":2}
{"level":"info","message":"PostgreSQL connection established","service":"crm-inventario","timestamp":"2026-07-30 17:03:02"}
{"duration":"1064ms","ip":"::1","level":"info","message":"GET /api/products?low_stock=true","service":"crm-inventario","status":200,"timestamp":"2026-07-30 17:03:02","user":2}
{"duration":"243ms","ip":"::1","level":"info","message":"GET /api/products?low_stock=true","service":"crm-inventario","status":304,"timestamp":"2026-07-30 17:03:02","user":2}
{"duration":"138ms","ip":"::1","level":"info","message":"GET /api/auth/verify","service":"crm-inventario","status":200,"timestamp":"2026-07-30 17:03:04"}
{"duration":"164ms","ip":"::1","level":"info","message":"GET /api/business/config","service":"crm-inventario","status":200,"timestamp":"2026-07-30 17:03:04","user":2}
{"duration":"330ms","ip":"::1","level":"info","message":"GET /api/products?low_stock=true","service":"crm-inventario","status":304,"timestamp":"2026-07-30 17:03:04","user":2}
{"duration":"239ms","ip":"::1","level":"info","message":"GET /api/products?low_stock=true","service":"crm-inventario","status":304,"timestamp":"2026-07-30 17:03:05","user":2}
{"duration":"1011ms","ip":"::1","level":"info","message":"GET /api/dashboard/stats","service":"crm-inventario","status":304,"timestamp":"2026-07-30 17:03:05","user":2}
{"level":"info","message":"PostgreSQL connection removed from pool","service":"crm-inventario","timestamp":"2026-07-30 17:03:35"}
{"level":"info","message":"PostgreSQL connection removed from pool","service":"crm-inventario","timestamp":"2026-07-30 17:03:35"}
{"level":"info","message":"PostgreSQL connection established","service":"crm-inventario","timestamp":"2026-07-30 17:04:28"}
{"duration":"3339ms","ip":"::1","level":"info","message":"GET /api/business/config","service":"crm-inventario","status":304,"timestamp":"2026-07-30 17:04:28","user":2}
{"level":"info","message":"PostgreSQL connection established","service":"crm-inventario","timestamp":"2026-07-30 17:04:29"}
{"duration":"4504ms","ip":"::1","level":"info","message":"GET /api/auth/verify","service":"crm-inventario","status":304,"timestamp":"2026-07-30 17:04:29"}
{"duration":"140ms","ip":"::1","level":"info","message":"GET /api/auth/verify","service":"crm-inventario","status":304,"timestamp":"2026-07-30 17:04:54"}
{"duration":"150ms","ip":"::1","level":"info","message":"GET /api/business/config","service":"crm-inventario","status":304,"timestamp":"2026-07-30 17:04:54","user":2}
{"duration":"122ms","ip":"::1","level":"info","message":"GET /api/business/config","service":"crm-inventario","status":304,"timestamp":"2026-07-30 17:05:06","user":2}
{"duration":"169ms","ip":"::1","level":"info","message":"GET /api/auth/verify","service":"crm-inventario","status":304,"timestamp":"2026-07-30 17:05:06"}
{"duration":"134ms","ip":"::1","level":"info","message":"GET /api/auth/verify","service":"crm-inventario","status":304,"timestamp":"2026-07-30 17:05:22"}
{"duration":"142ms","ip":"::1","level":"info","message":"GET /api/business/config","service":"crm-inventario","status":304,"timestamp":"2026-07-30 17:05:22","user":2}
{"level":"info","message":"PostgreSQL connection removed from pool","service":"crm-inventario","timestamp":"2026-07-30 17:05:52"}
{"level":"info","message":"PostgreSQL connection removed from pool","service":"crm-inventario","timestamp":"2026-07-30 17:05:52"}
{"level":"info","message":"PostgreSQL connection established","service":"crm-inventario","timestamp":"2026-07-30 17:07:25"}
{"duration":"1212ms","ip":"::1","level":"info","message":"GET /api/business/config","service":"crm-inventario","status":304,"timestamp":"2026-07-30 17:07:25","user":2}
{"level":"info","message":"PostgreSQL connection established","service":"crm-inventario","timestamp":"2026-07-30 17:07:25"}
{"duration":"1372ms","ip":"::1","level":"info","message":"GET /api/auth/verify","service":"crm-inventario","status":304,"timestamp":"2026-07-30 17:07:25"}
{"duration":"126ms","ip":"::1","level":"info","message":"GET /api/business/config","service":"crm-inventario","status":304,"timestamp":"2026-07-30 17:07:34","user":2}
{"duration":"126ms","ip":"::1","level":"info","message":"GET /api/auth/verify","service":"crm-inventario","status":304,"timestamp":"2026-07-30 17:07:34"}
{"level":"info","message":"PostgreSQL connection removed from pool","service":"crm-inventario","timestamp":"2026-07-30 17:08:04"}
{"level":"info","message":"PostgreSQL connection removed from pool","service":"crm-inventario","timestamp":"2026-07-30 17:08:04"}
{"level":"info","message":"PostgreSQL connection established","service":"crm-inventario","timestamp":"2026-07-30 17:08:32"}
{"duration":"1168ms","ip":"::1","level":"info","message":"GET /api/business/config","service":"crm-inventario","status":304,"timestamp":"2026-07-30 17:08:32","user":2}
{"level":"info","message":"PostgreSQL connection established","service":"crm-inventario","timestamp":"2026-07-30 17:08:32"}
{"duration":"1351ms","ip":"::1","level":"info","message":"GET /api/auth/verify","service":"crm-inventario","status":304,"timestamp":"2026-07-30 17:08:32"}
{"level":"info","message":"PostgreSQL connection established","service":"crm-inventario","timestamp":"2026-07-30 17:09:23"}
{"level":"info","message":"Schema initialized (PostgreSQL)","service":"crm-inventario","timestamp":"2026-07-30 17:09:24"}
{"level":"info","message":"Schema initialized, system ready","service":"crm-inventario","timestamp":"2026-07-30 17:09:24"}
{"duration":"1775ms","ip":"::1","level":"info","message":"GET /api/business/config","service":"crm-inventario","status":304,"timestamp":"2026-07-30 17:09:24","user":2}
{"level":"info","message":"PostgreSQL connection established","service":"crm-inventario","timestamp":"2026-07-30 17:09:25"}
{"duration":"2873ms","ip":"::1","level":"info","message":"GET /api/auth/verify","service":"crm-inventario","status":304,"timestamp":"2026-07-30 17:09:25"}
{"level":"info","message":"PostgreSQL connection removed from pool","service":"crm-inventario","timestamp":"2026-07-30 17:09:54"}
{"level":"info","message":"PostgreSQL connection removed from pool","service":"crm-inventario","timestamp":"2026-07-30 17:09:55"}
{"level":"info","message":"PostgreSQL connection established","service":"crm-inventario","timestamp":"2026-07-30 17:10:29"}
{"duration":"1403ms","ip":"::1","level":"info","message":"POST /api/auth/login","service":"crm-inventario","status":200,"timestamp":"2026-07-30 17:10:29"}
{"level":"info","message":"PostgreSQL connection established","service":"crm-inventario","timestamp":"2026-07-30 17:10:30"}
{"duration":"1055ms","ip":"::1","level":"info","message":"GET /api/dashboard/stats","service":"crm-inventario","status":304,"timestamp":"2026-07-30 17:10:30","user":2}
{"duration":"1167ms","ip":"::1","level":"info","message":"GET /api/products?low_stock=true","service":"crm-inventario","status":304,"timestamp":"2026-07-30 17:10:30","user":2}
{"duration":"304ms","ip":"::1","level":"info","message":"GET /api/products?low_stock=true","service":"crm-inventario","status":304,"timestamp":"2026-07-30 17:10:31","user":2}
{"duration":"255ms","ip":"::1","level":"info","message":"POST /api/auth/login","service":"crm-inventario","status":200,"timestamp":"2026-07-30 17:10:47"}
{"duration":"337ms","ip":"::1","level":"info","message":"GET /api/products?low_stock=true","service":"crm-inventario","status":304,"timestamp":"2026-07-30 17:10:47","user":2}
{"duration":"283ms","ip":"::1","level":"info","message":"GET /api/products?low_stock=true","service":"crm-inventario","status":304,"timestamp":"2026-07-30 17:10:47","user":2}
{"duration":"955ms","ip":"::1","level":"info","message":"GET /api/dashboard/stats","service":"crm-inventario","status":304,"timestamp":"2026-07-30 17:10:48","user":2}
{"level":"info","message":"PostgreSQL connection removed from pool","service":"crm-inventario","timestamp":"2026-07-30 17:11:17"}
{"level":"info","message":"PostgreSQL connection removed from pool","service":"crm-inventario","timestamp":"2026-07-30 17:11:18"}
{"level":"info","message":"PostgreSQL connection established","service":"crm-inventario","timestamp":"2026-07-30 17:13:31"}
{"level":"info","message":"PostgreSQL connection established","service":"crm-inventario","timestamp":"2026-07-30 17:13:47"}
{"level":"info","message":"PostgreSQL connection removed from pool","service":"crm-inventario","timestamp":"2026-07-30 17:13:47"}
{"level":"info","message":"PostgreSQL connection established","service":"crm-inventario","timestamp":"2026-07-30 17:14:04"}
{"level":"info","message":"PostgreSQL connection removed from pool","service":"crm-inventario","timestamp":"2026-07-30 17:14:05"}
{"level":"info","message":"PostgreSQL connection established","service":"crm-inventario","timestamp":"2026-07-30 17:14:14"}
{"level":"info","message":"PostgreSQL connection removed from pool","service":"crm-inventario","timestamp":"2026-07-30 17:14:45"}
{"level":"info","message":"PostgreSQL connection established","service":"crm-inventario","timestamp":"2026-07-30 17:15:26"}
{"duration":"833ms","ip":"::1","level":"info","message":"GET /api/health","service":"crm-inventario","status":200,"timestamp":"2026-07-30 17:15:26"}
{"duration":"119ms","ip":"::1","level":"warn","message":"POST /api/auth/login","service":"crm-inventario","status":401,"timestamp":"2026-07-30 17:15:26"}
{"duration":"136ms","ip":"::1","level":"warn","message":"POST /api/auth/login","service":"crm-inventario","status":401,"timestamp":"2026-07-30 17:15:42"}
{"duration":"3ms","ip":"::1","level":"info","message":"GET /api/auth/verify","service":"crm-inventario","status":200,"timestamp":"2026-07-30 17:16:02"}
{"duration":"169ms","ip":"::1","level":"info","message":"GET /api/business/config","service":"crm-inventario","status":304,"timestamp":"2026-07-30 17:16:09","user":2}
{"level":"info","message":"PostgreSQL connection established","service":"crm-inventario","timestamp":"2026-07-30 17:16:10"}
{"duration":"1051ms","ip":"::1","level":"info","message":"GET /api/auth/verify","service":"crm-inventario","status":200,"timestamp":"2026-07-30 17:16:10"}
{"duration":"625ms","ip":"::1","level":"info","message":"POST /api/auth/login","service":"crm-inventario","status":200,"timestamp":"2026-07-30 17:16:25"}
{"duration":"278ms","ip":"::1","level":"info","message":"GET /api/products?low_stock=true","service":"crm-inventario","status":304,"timestamp":"2026-07-30 17:16:26","user":2}
{"duration":"286ms","ip":"::1","level":"info","message":"GET /api/products?low_stock=true","service":"crm-inventario","status":304,"timestamp":"2026-07-30 17:16:26","user":2}
{"duration":"750ms","ip":"::1","level":"info","message":"GET /api/dashboard/stats","service":"crm-inventario","status":304,"timestamp":"2026-07-30 17:16:26","user":2}
{"level":"info","message":"PostgreSQL connection removed from pool","service":"crm-inventario","timestamp":"2026-07-30 17:16:56"}
{"level":"info","message":"PostgreSQL connection removed from pool","service":"crm-inventario","timestamp":"2026-07-30 17:16:56"}
{"level":"info","message":"PostgreSQL connection established","service":"crm-inventario","timestamp":"2026-07-30 17:19:06"}
{"level":"info","message":"Schema initialized (PostgreSQL)","service":"crm-inventario","timestamp":"2026-07-30 17:19:06"}
{"level":"info","message":"Schema initialized, system ready","service":"crm-inventario","timestamp":"2026-07-30 17:19:06"}
{"duration":"1653ms","ip":"::1","level":"info","message":"GET /api/business/config","service":"crm-inventario","status":304,"timestamp":"2026-07-30 17:19:07","user":2}
{"level":"info","message":"PostgreSQL connection established","service":"crm-inventario","timestamp":"2026-07-30 17:19:07"}
{"duration":"2520ms","ip":"::1","level":"info","message":"GET /api/auth/verify","service":"crm-inventario","status":200,"timestamp":"2026-07-30 17:19:07"}
{"level":"info","message":"PostgreSQL connection removed from pool","service":"crm-inventario","timestamp":"2026-07-30 17:19:37"}
{"level":"info","message":"PostgreSQL connection removed from pool","service":"crm-inventario","timestamp":"2026-07-30 17:19:38"}
{"level":"info","message":"PostgreSQL connection established","service":"crm-inventario","timestamp":"2026-07-30 17:21:11"}
{"level":"info","message":"PostgreSQL connection established","service":"crm-inventario","timestamp":"2026-07-30 17:21:11"}
{"duration":"1604ms","ip":"::1","level":"info","message":"GET /api/business/config","service":"crm-inventario","status":304,"timestamp":"2026-07-30 17:21:12","user":2}
{"duration":"1692ms","ip":"::1","level":"info","message":"GET /api/auth/verify","service":"crm-inventario","status":304,"timestamp":"2026-07-30 17:21:12"}
{"duration":"128ms","ip":"::1","level":"info","message":"GET /api/auth/verify","service":"crm-inventario","status":304,"timestamp":"2026-07-30 17:21:20"}
{"duration":"149ms","ip":"::1","level":"info","message":"GET /api/business/config","service":"crm-inventario","status":304,"timestamp":"2026-07-30 17:21:20","user":2}
{"level":"info","message":"PostgreSQL connection removed from pool","service":"crm-inventario","timestamp":"2026-07-30 17:21:50"}
{"level":"info","message":"PostgreSQL connection removed from pool","service":"crm-inventario","timestamp":"2026-07-30 17:21:50"}
{"level":"info","message":"PostgreSQL connection established","service":"crm-inventario","timestamp":"2026-07-30 17:22:37"}
{"duration":"1114ms","ip":"::1","level":"info","message":"POST /api/auth/login","service":"crm-inventario","status":200,"timestamp":"2026-07-30 17:22:37"}
{"level":"info","message":"PostgreSQL connection established","service":"crm-inventario","timestamp":"2026-07-30 17:22:38"}
{"duration":"761ms","ip":"::1","level":"info","message":"GET /api/dashboard/stats","service":"crm-inventario","status":304,"timestamp":"2026-07-30 17:22:38","user":2}
{"duration":"980ms","ip":"::1","level":"info","message":"GET /api/products?low_stock=true","service":"crm-inventario","status":304,"timestamp":"2026-07-30 17:22:38","user":2}
{"duration":"254ms","ip":"::1","level":"info","message":"GET /api/products?low_stock=true","service":"crm-inventario","status":304,"timestamp":"2026-07-30 17:22:38","user":2}
{"duration":"117ms","ip":"::1","level":"info","message":"GET /api/categories","service":"crm-inventario","status":200,"timestamp":"2026-07-30 17:22:39","user":2}
{"duration":"253ms","ip":"::1","level":"info","message":"GET /api/products?page=1","service":"crm-inventario","status":200,"timestamp":"2026-07-30 17:22:40","user":2}
{"duration":"117ms","ip":"::1","level":"info","message":"GET /api/categories","service":"crm-inventario","status":304,"timestamp":"2026-07-30 17:22:40","user":2}
{"duration":"238ms","ip":"::1","level":"info","message":"GET /api/products?page=1","service":"crm-inventario","status":304,"timestamp":"2026-07-30 17:22:40","user":2}
{"duration":"142ms","ip":"::1","level":"info","message":"GET /api/categories","service":"crm-inventario","status":304,"timestamp":"2026-07-30 17:22:41","user":2}
{"duration":"130ms","ip":"::1","level":"info","message":"GET /api/categories","service":"crm-inventario","status":304,"timestamp":"2026-07-30 17:22:42","user":2}
{"duration":"271ms","ip":"::1","level":"info","message":"GET /api/products?page=1","service":"crm-inventario","status":304,"timestamp":"2026-07-30 17:22:42","user":2}
{"duration":"131ms","ip":"::1","level":"info","message":"GET /api/categories","service":"crm-inventario","status":304,"timestamp":"2026-07-30 17:22:43","user":2}
{"duration":"292ms","ip":"::1","level":"info","message":"GET /api/products?page=1","service":"crm-inventario","status":304,"timestamp":"2026-07-30 17:22:43","user":2}
{"duration":"857ms","ip":"::1","level":"info","message":"GET /api/categories","service":"crm-inventario","status":304,"timestamp":"2026-07-30 17:22:47","user":2}
{"duration":"246ms","ip":"::1","level":"info","message":"GET /api/customers?page=1","service":"crm-inventario","status":304,"timestamp":"2026-07-30 17:22:49","user":2}
{"duration":"599ms","ip":"::1","level":"info","message":"GET /api/customers?page=1","service":"crm-inventario","status":304,"timestamp":"2026-07-30 17:22:49","user":2}
{"duration":"265ms","ip":"::1","level":"info","message":"GET /api/suppliers?page=1","service":"crm-inventario","status":200,"timestamp":"2026-07-30 17:22:50","user":2}
{"duration":"262ms","ip":"::1","level":"info","message":"GET /api/suppliers?page=1","service":"crm-inventario","status":304,"timestamp":"2026-07-30 17:22:50","user":2}
{"duration":"164ms","ip":"::1","level":"info","message":"GET /api/purchases","service":"crm-inventario","status":200,"timestamp":"2026-07-30 17:22:51","user":2}
{"duration":"246ms","ip":"::1","level":"info","message":"GET /api/sales?page=1","service":"crm-inventario","status":200,"timestamp":"2026-07-30 17:22:52","user":2}
{"duration":"628ms","ip":"::1","level":"info","message":"GET /api/sales?page=1","service":"crm-inventario","status":304,"timestamp":"2026-07-30 17:22:52","user":2}
{"duration":"1035ms","ip":"::1","level":"info","message":"GET /api/reports/supplier-spending","service":"crm-inventario","status":200,"timestamp":"2026-07-30 17:22:53","user":2}
{"duration":"264ms","ip":"::1","level":"info","message":"GET /api/sales?page=1","service":"crm-inventario","status":304,"timestamp":"2026-07-30 17:22:53","user":2}
{"duration":"243ms","ip":"::1","level":"info","message":"GET /api/sales?page=1","service":"crm-inventario","status":304,"timestamp":"2026-07-30 17:22:54","user":2}
{"duration":"156ms","ip":"::1","level":"info","message":"GET /api/users","service":"crm-inventario","status":200,"timestamp":"2026-07-30 17:23:00","user":2}
{"level":"info","message":"PostgreSQL connection removed from pool","service":"crm-inventario","timestamp":"2026-07-30 17:23:23"}
{"level":"info","message":"PostgreSQL connection removed from pool","service":"crm-inventario","timestamp":"2026-07-30 17:23:30"}
{"level":"info","message":"PostgreSQL connection established","service":"crm-inventario","timestamp":"2026-07-30 17:23:38"}
{"duration":"949ms","ip":"::1","level":"info","message":"GET /api/products?low_stock=true","service":"crm-inventario","status":304,"timestamp":"2026-07-30 17:23:38","user":2}
{"level":"info","message":"PostgreSQL connection established","service":"crm-inventario","timestamp":"2026-07-30 17:24:09"}
{"level":"info","message":"PostgreSQL connection established","service":"crm-inventario","timestamp":"2026-07-30 17:24:39"}
{"level":"info","message":"Schema initialized (PostgreSQL)","service":"crm-inventario","timestamp":"2026-07-30 17:24:40"}
{"level":"info","message":"Schema initialized, system ready","service":"crm-inventario","timestamp":"2026-07-30 17:24:40"}
{"duration":"1518ms","ip":"::1","level":"warn","message":"POST /api/auth/login","service":"crm-inventario","status":401,"timestamp":"2026-07-30 17:24:40"}
{"duration":"389ms","ip":"::1","level":"info","message":"POST /api/auth/login","service":"crm-inventario","status":200,"timestamp":"2026-07-30 17:24:55"}
{"level":"info","message":"PostgreSQL connection established","service":"crm-inventario","timestamp":"2026-07-30 17:24:56"}
{"level":"info","message":"PostgreSQL connection established","service":"crm-inventario","timestamp":"2026-07-30 17:24:56"}
{"level":"info","message":"PostgreSQL connection established","service":"crm-inventario","timestamp":"2026-07-30 17:24:56"}
{"level":"info","message":"PostgreSQL connection established","service":"crm-inventario","timestamp":"2026-07-30 17:24:56"}
{"duration":"936ms","ip":"::1","level":"info","message":"GET /api/admin/stats","service":"crm-inventario","status":200,"timestamp":"2026-07-30 17:24:56","user":4}
{"duration":"1051ms","ip":"::1","level":"info","message":"GET /api/products?low_stock=true","service":"crm-inventario","status":304,"timestamp":"2026-07-30 17:24:56","user":4}
{"duration":"247ms","ip":"::1","level":"info","message":"GET /api/admin/businesses?page=1","service":"crm-inventario","status":200,"timestamp":"2026-07-30 17:25:00","user":4}
{"duration":"255ms","ip":"::1","level":"info","message":"GET /api/admin/businesses?page=1","service":"crm-inventario","status":304,"timestamp":"2026-07-30 17:25:00","user":4}
{"duration":"270ms","ip":"::1","level":"info","message":"GET /api/admin/users?page=1","service":"crm-inventario","status":200,"timestamp":"2026-07-30 17:25:03","user":4}
{"duration":"251ms","ip":"::1","level":"info","message":"GET /api/admin/users?page=1","service":"crm-inventario","status":304,"timestamp":"2026-07-30 17:25:03","user":4}
{"duration":"378ms","ip":"::1","level":"info","message":"GET /api/admin/businesses?page=1","service":"crm-inventario","status":304,"timestamp":"2026-07-30 17:25:07","user":4}
{"duration":"451ms","ip":"::1","level":"info","message":"GET /api/admin/businesses?page=1","service":"crm-inventario","status":304,"timestamp":"2026-07-30 17:25:07","user":4}
{"duration":"145ms","ip":"::1","level":"info","message":"GET /api/admin/stats","service":"crm-inventario","status":304,"timestamp":"2026-07-30 17:25:09","user":4}
{"duration":"262ms","ip":"::1","level":"info","message":"GET /api/admin/businesses?page=1","service":"crm-inventario","status":304,"timestamp":"2026-07-30 17:25:13","user":4}
{"duration":"273ms","ip":"::1","level":"info","message":"GET /api/admin/businesses?page=1","service":"crm-inventario","status":304,"timestamp":"2026-07-30 17:25:13","user":4}
{"duration":"153ms","ip":"::1","level":"info","message":"GET /api/admin/stats","service":"crm-inventario","status":304,"timestamp":"2026-07-30 17:25:18","user":4}
{"duration":"233ms","ip":"::1","level":"info","message":"GET /api/admin/businesses?page=1","service":"crm-inventario","status":304,"timestamp":"2026-07-30 17:25:21","user":4}
{"duration":"244ms","ip":"::1","level":"info","message":"GET /api/admin/businesses?page=1","service":"crm-inventario","status":304,"timestamp":"2026-07-30 17:25:22","user":4}
{"duration":"249ms","ip":"::1","level":"info","message":"GET /api/admin/users?page=1","service":"crm-inventario","status":304,"timestamp":"2026-07-30 17:25:22","user":4}
{"duration":"238ms","ip":"::1","level":"info","message":"GET /api/admin/users?page=1","service":"crm-inventario","status":304,"timestamp":"2026-07-30 17:25:22","user":4}
{"level":"info","message":"PostgreSQL connection removed from pool","service":"crm-inventario","timestamp":"2026-07-30 17:25:26"}
{"level":"info","message":"PostgreSQL connection removed from pool","service":"crm-inventario","timestamp":"2026-07-30 17:25:48"}
{"level":"info","message":"PostgreSQL connection removed from pool","service":"crm-inventario","timestamp":"2026-07-30 17:25:48"}
{"level":"info","message":"PostgreSQL connection removed from pool","service":"crm-inventario","timestamp":"2026-07-30 17:25:48"}
{"level":"info","message":"PostgreSQL connection removed from pool","service":"crm-inventario","timestamp":"2026-07-30 17:25:52"}
{"level":"info","message":"PostgreSQL connection established","service":"crm-inventario","timestamp":"2026-07-30 17:25:57"}
{"duration":"1022ms","ip":"::1","level":"info","message":"GET /api/products?low_stock=true","service":"crm-inventario","status":304,"timestamp":"2026-07-30 17:25:57","user":4}
{"level":"info","message":"PostgreSQL connection removed from pool","service":"crm-inventario","timestamp":"2026-07-30 17:26:27"}
{"level":"info","message":"PostgreSQL connection established","service":"crm-inventario","timestamp":"2026-07-30 17:26:57"}
{"duration":"1356ms","ip":"::1","level":"info","message":"GET /api/products?low_stock=true","service":"crm-inventario","status":304,"timestamp":"2026-07-30 17:26:58","user":4}
{"level":"info","message":"PostgreSQL connection removed from pool","service":"crm-inventario","timestamp":"2026-07-30 17:27:28"}
{"level":"info","message":"PostgreSQL connection established","service":"crm-inventario","timestamp":"2026-07-30 17:27:57"}
{"duration":"1126ms","ip":"::1","level":"info","message":"GET /api/products?low_stock=true","service":"crm-inventario","status":304,"timestamp":"2026-07-30 17:27:57","user":4}
{"level":"info","message":"PostgreSQL connection removed from pool","service":"crm-inventario","timestamp":"2026-07-30 17:28:28"}
{"level":"info","message":"PostgreSQL connection established","service":"crm-inventario","timestamp":"2026-07-30 17:28:57"}
{"duration":"1065ms","ip":"::1","level":"info","message":"GET /api/products?low_stock=true","service":"crm-inventario","status":304,"timestamp":"2026-07-30 17:28:57","user":4}
{"level":"info","message":"PostgreSQL connection removed from pool","service":"crm-inventario","timestamp":"2026-07-30 17:29:27"}
{"level":"info","message":"PostgreSQL connection established","service":"crm-inventario","timestamp":"2026-07-30 17:29:57"}
{"duration":"1071ms","ip":"::1","level":"info","message":"GET /api/products?low_stock=true","service":"crm-inventario","status":304,"timestamp":"2026-07-30 17:29:57","user":4}
{"level":"info","message":"PostgreSQL connection removed from pool","service":"crm-inventario","timestamp":"2026-07-30 17:30:27"}
{"level":"info","message":"PostgreSQL connection established","service":"crm-inventario","timestamp":"2026-07-30 17:30:57"}
{"duration":"1107ms","ip":"::1","level":"info","message":"GET /api/products?low_stock=true","service":"crm-inventario","status":304,"timestamp":"2026-07-30 17:30:57","user":4}
{"level":"info","message":"PostgreSQL connection removed from pool","service":"crm-inventario","timestamp":"2026-07-30 17:31:28"}
{"level":"info","message":"PostgreSQL connection established","service":"crm-inventario","timestamp":"2026-07-30 17:32:17"}
{"duration":"1503ms","ip":"::1","level":"info","message":"GET /api/products?low_stock=true","service":"crm-inventario","status":304,"timestamp":"2026-07-30 17:32:18","user":4}
{"level":"info","message":"PostgreSQL connection removed from pool","service":"crm-inventario","timestamp":"2026-07-30 17:32:48"}
{"level":"info","message":"PostgreSQL connection established","service":"crm-inventario","timestamp":"2026-07-30 17:33:18"}
{"duration":"2170ms","ip":"::1","level":"info","message":"GET /api/products?low_stock=true","service":"crm-inventario","status":304,"timestamp":"2026-07-30 17:33:18","user":4}
{"level":"info","message":"PostgreSQL connection removed from pool","service":"crm-inventario","timestamp":"2026-07-30 17:33:49"}
{"level":"info","message":"PostgreSQL connection established","service":"crm-inventario","timestamp":"2026-07-30 17:34:17"}
{"duration":"996ms","ip":"::1","level":"info","message":"GET /api/products?low_stock=true","service":"crm-inventario","status":304,"timestamp":"2026-07-30 17:34:17","user":4}
{"level":"info","message":"PostgreSQL connection removed from pool","service":"crm-inventario","timestamp":"2026-07-30 17:34:47"}
{"level":"info","message":"PostgreSQL connection established","service":"crm-inventario","timestamp":"2026-07-30 17:35:17"}
{"duration":"1056ms","ip":"::1","level":"info","message":"GET /api/products?low_stock=true","service":"crm-inventario","status":304,"timestamp":"2026-07-30 17:35:17","user":4}
{"level":"info","message":"PostgreSQL connection removed from pool","service":"crm-inventario","timestamp":"2026-07-30 17:35:47"}
{"level":"info","message":"PostgreSQL connection established","service":"crm-inventario","timestamp":"2026-07-30 17:36:17"}
{"duration":"1321ms","ip":"::1","level":"info","message":"GET /api/products?low_stock=true","service":"crm-inventario","status":304,"timestamp":"2026-07-30 17:36:18","user":4}
{"level":"info","message":"PostgreSQL connection removed from pool","service":"crm-inventario","timestamp":"2026-07-30 17:36:48"}
{"level":"info","message":"PostgreSQL connection established","service":"crm-inventario","timestamp":"2026-07-30 17:37:17"}
{"duration":"1093ms","ip":"::1","level":"info","message":"GET /api/products?low_stock=true","service":"crm-inventario","status":304,"timestamp":"2026-07-30 17:37:17","user":4}
{"level":"info","message":"PostgreSQL connection removed from pool","service":"crm-inventario","timestamp":"2026-07-30 17:37:47"}
{"level":"info","message":"PostgreSQL connection established","service":"crm-inventario","timestamp":"2026-07-30 17:38:17"}
{"duration":"1093ms","ip":"::1","level":"info","message":"GET /api/products?low_stock=true","service":"crm-inventario","status":304,"timestamp":"2026-07-30 17:38:17","user":4}
{"level":"info","message":"PostgreSQL connection removed from pool","service":"crm-inventario","timestamp":"2026-07-30 17:38:47"}
{"level":"info","message":"PostgreSQL connection established","service":"crm-inventario","timestamp":"2026-07-30 17:39:17"}
{"duration":"979ms","ip":"::1","level":"info","message":"GET /api/products?low_stock=true","service":"crm-inventario","status":304,"timestamp":"2026-07-30 17:39:17","user":4}
{"level":"info","message":"PostgreSQL connection removed from pool","service":"crm-inventario","timestamp":"2026-07-30 17:39:47"}
{"level":"info","message":"PostgreSQL connection established","service":"crm-inventario","timestamp":"2026-07-30 17:40:17"}
{"duration":"1004ms","ip":"::1","level":"info","message":"GET /api/products?low_stock=true","service":"crm-inventario","status":304,"timestamp":"2026-07-30 17:40:17","user":4}
{"level":"info","message":"PostgreSQL connection removed from pool","service":"crm-inventario","timestamp":"2026-07-30 17:40:47"}
{"level":"info","message":"PostgreSQL connection established","service":"crm-inventario","timestamp":"2026-07-30 20:07:48"}
{"level":"info","message":"Schema initialized (PostgreSQL)","service":"crm-inventario","timestamp":"2026-07-30 20:07:49"}
{"level":"info","message":"PostgreSQL connection removed from pool","service":"crm-inventario","timestamp":"2026-07-30 20:08:19"}
{"level":"info","message":"PostgreSQL connection established","service":"crm-inventario","timestamp":"2026-07-30 20:08:43"}
{"level":"info","message":"PostgreSQL connection established","service":"crm-inventario","timestamp":"2026-07-30 20:09:14"}
{"level":"info","message":"PostgreSQL connection established","service":"crm-inventario","timestamp":"2026-07-30 20:09:39"}
{"level":"info","message":"PostgreSQL connection established","service":"crm-inventario","timestamp":"2026-07-30 20:17:20"}
{"level":"info","message":"Schema initialized (PostgreSQL)","service":"crm-inventario","timestamp":"2026-07-30 20:17:21"}
{"level":"info","message":"PostgreSQL connection established","service":"crm-inventario","timestamp":"2026-07-30 20:17:40"}
{"level":"info","message":"Schema initialized (PostgreSQL)","service":"crm-inventario","timestamp":"2026-07-30 20:17:41"}
{"level":"info","message":"Schema initialized, system ready","service":"crm-inventario","timestamp":"2026-07-30 20:17:41"}
{"duration":"1435ms","ip":"::1","level":"warn","message":"GET /api/categories","service":"crm-inventario","status":401,"timestamp":"2026-07-30 20:17:41"}
{"duration":"3ms","ip":"::1","level":"warn","message":"GET /api/categories","service":"crm-inventario","status":401,"timestamp":"2026-07-30 20:17:41"}
{"duration":"4ms","ip":"::1","level":"warn","message":"POST /api/auth/refresh","service":"crm-inventario","status":401,"timestamp":"2026-07-30 20:17:41"}
{"duration":"146ms","ip":"::1","level":"warn","message":"POST /api/auth/login","service":"crm-inventario","status":401,"timestamp":"2026-07-30 20:17:50"}
{"duration":"177ms","ip":"::1","level":"warn","message":"POST /api/auth/login","service":"crm-inventario","status":401,"timestamp":"2026-07-30 20:18:03"}
{"duration":"230ms","ip":"::1","level":"info","message":"POST /api/auth/login","service":"crm-inventario","status":200,"timestamp":"2026-07-30 20:18:31"}
{"duration":"917ms","ip":"::1","level":"info","message":"GET /api/dashboard/stats","service":"crm-inventario","status":200,"timestamp":"2026-07-30 20:18:32","user":4}
{"duration":"1127ms","ip":"::1","level":"info","message":"GET /api/reports/supplier-spending","service":"crm-inventario","status":200,"timestamp":"2026-07-30 20:18:33","user":4}
{"level":"info","message":"PostgreSQL connection removed from pool","service":"crm-inventario","timestamp":"2026-07-30 20:19:03"}
{"level":"info","message":"PostgreSQL connection established","service":"crm-inventario","timestamp":"2026-07-30 20:20:47"}
{"level":"info","message":"Schema initialized (PostgreSQL)","service":"crm-inventario","timestamp":"2026-07-30 20:20:47"}
{"level":"info","message":"Schema initialized, system ready","service":"crm-inventario","timestamp":"2026-07-30 20:20:47"}
{"duration":"1671ms","ip":"::1","level":"info","message":"POST /api/auth/login","service":"crm-inventario","status":200,"timestamp":"2026-07-30 20:20:48"}
{"duration":"850ms","ip":"::1","level":"info","message":"GET /api/dashboard/stats","service":"crm-inventario","status":200,"timestamp":"2026-07-30 20:20:48","user":4}
{"duration":"1051ms","ip":"::1","level":"info","message":"GET /api/reports/supplier-spending","service":"crm-inventario","status":200,"timestamp":"2026-07-30 20:20:50","user":4}
{"level":"info","message":"PostgreSQL connection removed from pool","service":"crm-inventario","timestamp":"2026-07-30 20:21:20"}
{"level":"info","message":"PostgreSQL connection established","service":"crm-inventario","timestamp":"2026-07-30 20:21:21"}
{"duration":"822ms","ip":"::1","level":"warn","message":"POST /api/auth/login","service":"crm-inventario","status":401,"timestamp":"2026-07-30 20:21:21"}
{"duration":"830ms","ip":"::1","level":"info","message":"POST /api/business/setup","service":"crm-inventario","status":201,"timestamp":"2026-07-30 20:21:42"}
{"duration":"307ms","ip":"::1","level":"info","message":"POST /api/auth/login","service":"crm-inventario","status":200,"timestamp":"2026-07-30 20:21:49"}
{"duration":"946ms","ip":"::1","level":"info","message":"GET /api/dashboard/stats","service":"crm-inventario","status":200,"timestamp":"2026-07-30 20:21:50","user":5}
{"level":"info","message":"PostgreSQL connection established","service":"crm-inventario","timestamp":"2026-07-30 20:21:50"}
{"duration":"1554ms","ip":"::1","level":"info","message":"GET /api/products?low_stock=true","service":"crm-inventario","status":304,"timestamp":"2026-07-30 20:21:50","user":5}
{"duration":"761ms","ip":"::1","level":"info","message":"GET /api/dashboard/stats","service":"crm-inventario","status":304,"timestamp":"2026-07-30 20:21:51","user":5}
{"duration":"253ms","ip":"::1","level":"info","message":"GET /api/products?low_stock=true","service":"crm-inventario","status":304,"timestamp":"2026-07-30 20:21:51","user":5}
{"duration":"251ms","ip":"::1","level":"info","message":"GET /api/products?low_stock=true","service":"crm-inventario","status":304,"timestamp":"2026-07-30 20:21:51","user":5}
{"duration":"240ms","ip":"::1","level":"info","message":"GET /api/products?low_stock=true","service":"crm-inventario","status":304,"timestamp":"2026-07-30 20:21:51","user":5}
{"duration":"122ms","ip":"::1","level":"info","message":"GET /api/business/config","service":"crm-inventario","status":200,"timestamp":"2026-07-30 20:21:56","user":5}
{"duration":"123ms","ip":"::1","level":"info","message":"GET /api/auth/verify","service":"crm-inventario","status":200,"timestamp":"2026-07-30 20:21:56"}
{"duration":"121ms","ip":"::1","level":"info","message":"GET /api/business/config","service":"crm-inventario","status":304,"timestamp":"2026-07-30 20:21:56","user":5}
{"duration":"245ms","ip":"::1","level":"info","message":"GET /api/products?low_stock=true","service":"crm-inventario","status":304,"timestamp":"2026-07-30 20:21:56","user":5}
{"duration":"249ms","ip":"::1","level":"info","message":"GET /api/products?low_stock=true","service":"crm-inventario","status":304,"timestamp":"2026-07-30 20:21:56","user":5}
{"duration":"729ms","ip":"::1","level":"info","message":"GET /api/dashboard/stats","service":"crm-inventario","status":304,"timestamp":"2026-07-30 20:21:57","user":5}
{"duration":"270ms","ip":"::1","level":"info","message":"GET /api/products?low_stock=true","service":"crm-inventario","status":304,"timestamp":"2026-07-30 20:21:57","user":5}
{"duration":"231ms","ip":"::1","level":"info","message":"GET /api/products?low_stock=true","service":"crm-inventario","status":304,"timestamp":"2026-07-30 20:21:57","user":5}
{"duration":"867ms","ip":"::1","level":"info","message":"GET /api/dashboard/stats","service":"crm-inventario","status":304,"timestamp":"2026-07-30 20:21:57","user":5}
{"duration":"132ms","ip":"::1","level":"info","message":"GET /api/categories","service":"crm-inventario","status":304,"timestamp":"2026-07-30 20:21:58","user":5}
{"duration":"247ms","ip":"::1","level":"info","message":"GET /api/products?page=1","service":"crm-inventario","status":304,"timestamp":"2026-07-30 20:21:58","user":5}
{"duration":"138ms","ip":"::1","level":"info","message":"GET /api/categories","service":"crm-inventario","status":304,"timestamp":"2026-07-30 20:21:58","user":5}
{"duration":"151ms","ip":"::1","level":"info","message":"GET /api/categories","service":"crm-inventario","status":304,"timestamp":"2026-07-30 20:21:59","user":5}
{"duration":"240ms","ip":"::1","level":"info","message":"GET /api/products?page=1","service":"crm-inventario","status":304,"timestamp":"2026-07-30 20:21:59","user":5}
{"duration":"249ms","ip":"::1","level":"info","message":"GET /api/products?page=1","service":"crm-inventario","status":304,"timestamp":"2026-07-30 20:21:59","user":5}
{"duration":"119ms","ip":"::1","level":"info","message":"GET /api/categories","service":"crm-inventario","status":304,"timestamp":"2026-07-30 20:22:00","user":5}
{"duration":"119ms","ip":"::1","level":"info","message":"GET /api/categories","service":"crm-inventario","status":304,"timestamp":"2026-07-30 20:22:00","user":5}
{"duration":"284ms","ip":"::1","level":"info","message":"POST /api/categories","service":"crm-inventario","status":201,"timestamp":"2026-07-30 20:22:08","user":5}
{"duration":"132ms","ip":"::1","level":"info","message":"GET /api/categories","service":"crm-inventario","status":200,"timestamp":"2026-07-30 20:22:08","user":5}
{"duration":"124ms","ip":"::1","level":"info","message":"GET /api/categories","service":"crm-inventario","status":304,"timestamp":"2026-07-30 20:22:09","user":5}
{"duration":"251ms","ip":"::1","level":"info","message":"GET /api/products?page=1","service":"crm-inventario","status":304,"timestamp":"2026-07-30 20:22:09","user":5}
{"duration":"122ms","ip":"::1","level":"info","message":"GET /api/categories","service":"crm-inventario","status":304,"timestamp":"2026-07-30 20:22:09","user":5}
{"duration":"150ms","ip":"::1","level":"info","message":"GET /api/categories","service":"crm-inventario","status":304,"timestamp":"2026-07-30 20:22:09","user":5}
{"duration":"261ms","ip":"::1","level":"info","message":"GET /api/products?page=1","service":"crm-inventario","status":304,"timestamp":"2026-07-30 20:22:10","user":5}
{"duration":"242ms","ip":"::1","level":"info","message":"GET /api/products?page=1","service":"crm-inventario","status":304,"timestamp":"2026-07-30 20:22:10","user":5}
{"level":"info","message":"PostgreSQL connection removed from pool","service":"crm-inventario","timestamp":"2026-07-30 20:22:40"}
{"level":"info","message":"PostgreSQL connection removed from pool","service":"crm-inventario","timestamp":"2026-07-30 20:22:40"}
{"level":"info","message":"PostgreSQL connection established","service":"crm-inventario","timestamp":"2026-07-30 20:22:57"}
{"duration":"1056ms","ip":"::1","level":"info","message":"GET /api/products?low_stock=true","service":"crm-inventario","status":304,"timestamp":"2026-07-30 20:22:57","user":5}
{"duration":"258ms","ip":"::1","level":"info","message":"POST /api/products","service":"crm-inventario","status":201,"timestamp":"2026-07-30 20:23:10","user":5}
{"duration":"237ms","ip":"::1","level":"info","message":"GET /api/products?page=1","service":"crm-inventario","status":200,"timestamp":"2026-07-30 20:23:10","user":5}
{"level":"info","message":"PostgreSQL connection established","service":"crm-inventario","timestamp":"2026-07-30 20:23:11"}
{"duration":"862ms","ip":"::1","level":"info","message":"GET /api/categories","service":"crm-inventario","status":200,"timestamp":"2026-07-30 20:23:11","user":5}
{"duration":"127ms","ip":"::1","level":"info","message":"GET /api/purchases","service":"crm-inventario","status":304,"timestamp":"2026-07-30 20:23:19","user":5}
{"duration":"139ms","ip":"::1","level":"info","message":"GET /api/purchases","service":"crm-inventario","status":304,"timestamp":"2026-07-30 20:23:19","user":5}
{"duration":"244ms","ip":"::1","level":"info","message":"GET /api/suppliers","service":"crm-inventario","status":200,"timestamp":"2026-07-30 20:23:24","user":5}
{"duration":"255ms","ip":"::1","level":"info","message":"GET /api/products","service":"crm-inventario","status":200,"timestamp":"2026-07-30 20:23:24","user":5}
{"level":"info","message":"PostgreSQL connection removed from pool","service":"crm-inventario","timestamp":"2026-07-30 20:23:54"}
{"level":"info","message":"PostgreSQL connection removed from pool","service":"crm-inventario","timestamp":"2026-07-30 20:23:54"}
{"level":"info","message":"PostgreSQL connection established","service":"crm-inventario","timestamp":"2026-07-30 20:24:28"}
{"level":"info","message":"PostgreSQL connection established","service":"crm-inventario","timestamp":"2026-07-30 20:24:28"}
{"duration":"1788ms","ip":"::1","level":"info","message":"GET /api/business/config","service":"crm-inventario","status":304,"timestamp":"2026-07-30 20:24:28","user":5}
{"duration":"1906ms","ip":"::1","level":"info","message":"GET /api/auth/verify","service":"crm-inventario","status":304,"timestamp":"2026-07-30 20:24:28"}
{"duration":"132ms","ip":"::1","level":"info","message":"GET /api/business/config","service":"crm-inventario","status":304,"timestamp":"2026-07-30 20:24:28","user":5}
{"duration":"260ms","ip":"::1","level":"info","message":"POST /api/auth/login","service":"crm-inventario","status":200,"timestamp":"2026-07-30 20:24:34"}
{"duration":"240ms","ip":"::1","level":"info","message":"GET /api/products?low_stock=true","service":"crm-inventario","status":200,"timestamp":"2026-07-30 20:24:34","user":5}
{"duration":"229ms","ip":"::1","level":"info","message":"GET /api/products?low_stock=true","service":"crm-inventario","status":304,"timestamp":"2026-07-30 20:24:35","user":5}
{"duration":"728ms","ip":"::1","level":"info","message":"GET /api/dashboard/stats","service":"crm-inventario","status":200,"timestamp":"2026-07-30 20:24:35","user":5}
{"duration":"252ms","ip":"::1","level":"info","message":"GET /api/products?low_stock=true","service":"crm-inventario","status":304,"timestamp":"2026-07-30 20:24:35","user":5}
{"duration":"256ms","ip":"::1","level":"info","message":"GET /api/products?low_stock=true","service":"crm-inventario","status":304,"timestamp":"2026-07-30 20:24:35","user":5}
{"duration":"742ms","ip":"::1","level":"info","message":"GET /api/dashboard/stats","service":"crm-inventario","status":304,"timestamp":"2026-07-30 20:24:36","user":5}
{"duration":"127ms","ip":"::1","level":"info","message":"GET /api/categories","service":"crm-inventario","status":304,"timestamp":"2026-07-30 20:25:02","user":5}
{"duration":"249ms","ip":"::1","level":"info","message":"GET /api/products?page=1","service":"crm-inventario","status":304,"timestamp":"2026-07-30 20:25:02","user":5}
{"duration":"118ms","ip":"::1","level":"info","message":"GET /api/categories","service":"crm-inventario","status":304,"timestamp":"2026-07-30 20:25:02","user":5}
{"duration":"131ms","ip":"::1","level":"info","message":"GET /api/categories","service":"crm-inventario","status":304,"timestamp":"2026-07-30 20:25:02","user":5}
{"duration":"249ms","ip":"::1","level":"info","message":"GET /api/products?page=1","service":"crm-inventario","status":304,"timestamp":"2026-07-30 20:25:02","user":5}
{"duration":"268ms","ip":"::1","level":"info","message":"GET /api/products?page=1","service":"crm-inventario","status":304,"timestamp":"2026-07-30 20:25:02","user":5}
{"duration":"472ms","ip":"::1","level":"info","message":"PUT /api/products/5","service":"crm-inventario","status":200,"timestamp":"2026-07-30 20:25:10","user":5}
{"duration":"122ms","ip":"::1","level":"info","message":"GET /api/categories","service":"crm-inventario","status":304,"timestamp":"2026-07-30 20:25:11","user":5}
{"duration":"249ms","ip":"::1","level":"info","message":"GET /api/products?page=1","service":"crm-inventario","status":200,"timestamp":"2026-07-30 20:25:11","user":5}
{"duration":"246ms","ip":"::1","level":"info","message":"GET /api/products?low_stock=true","service":"crm-inventario","status":200,"timestamp":"2026-07-30 20:25:17","user":5}
{"duration":"278ms","ip":"::1","level":"info","message":"GET /api/products?low_stock=true","service":"crm-inventario","status":304,"timestamp":"2026-07-30 20:25:17","user":5}
{"duration":"817ms","ip":"::1","level":"info","message":"GET /api/dashboard/stats","service":"crm-inventario","status":200,"timestamp":"2026-07-30 20:25:17","user":5}
{"duration":"890ms","ip":"::1","level":"info","message":"GET /api/dashboard/stats","service":"crm-inventario","status":304,"timestamp":"2026-07-30 20:25:18","user":5}
{"duration":"146ms","ip":"::1","level":"info","message":"GET /api/categories","service":"crm-inventario","status":304,"timestamp":"2026-07-30 20:25:25","user":5}
{"duration":"264ms","ip":"::1","level":"info","message":"GET /api/products?page=1","service":"crm-inventario","status":304,"timestamp":"2026-07-30 20:25:25","user":5}
{"duration":"120ms","ip":"::1","level":"info","message":"GET /api/categories","service":"crm-inventario","status":304,"timestamp":"2026-07-30 20:25:25","user":5}
{"duration":"115ms","ip":"::1","level":"info","message":"GET /api/categories","service":"crm-inventario","status":304,"timestamp":"2026-07-30 20:25:25","user":5}
{"duration":"239ms","ip":"::1","level":"info","message":"GET /api/products?page=1","service":"crm-inventario","status":304,"timestamp":"2026-07-30 20:25:25","user":5}
{"duration":"237ms","ip":"::1","level":"info","message":"GET /api/products?page=1","service":"crm-inventario","status":304,"timestamp":"2026-07-30 20:25:25","user":5}
{"duration":"117ms","ip":"::1","level":"info","message":"GET /api/categories","service":"crm-inventario","status":304,"timestamp":"2026-07-30 20:25:30","user":5}
{"duration":"119ms","ip":"::1","level":"info","message":"GET /api/categories","service":"crm-inventario","status":304,"timestamp":"2026-07-30 20:25:30","user":5}
{"duration":"237ms","ip":"::1","level":"info","message":"GET /api/products?low_stock=true","service":"crm-inventario","status":304,"timestamp":"2026-07-30 20:25:34","user":5}
{"duration":"121ms","ip":"::1","level":"info","message":"GET /api/categories","service":"crm-inventario","status":304,"timestamp":"2026-07-30 20:25:47","user":5}
{"duration":"239ms","ip":"::1","level":"info","message":"GET /api/products?page=1","service":"crm-inventario","status":304,"timestamp":"2026-07-30 20:25:48","user":5}
{"duration":"130ms","ip":"::1","level":"info","message":"GET /api/categories","service":"crm-inventario","status":304,"timestamp":"2026-07-30 20:25:48","user":5}
{"duration":"141ms","ip":"::1","level":"info","message":"GET /api/categories","service":"crm-inventario","status":304,"timestamp":"2026-07-30 20:25:48","user":5}
{"duration":"276ms","ip":"::1","level":"info","message":"GET /api/products?page=1","service":"crm-inventario","status":304,"timestamp":"2026-07-30 20:25:48","user":5}
{"duration":"268ms","ip":"::1","level":"info","message":"GET /api/products?page=1","service":"crm-inventario","status":304,"timestamp":"2026-07-30 20:25:48","user":5}
{"level":"info","message":"PostgreSQL connection removed from pool","service":"crm-inventario","timestamp":"2026-07-30 20:26:18"}
{"level":"info","message":"PostgreSQL connection removed from pool","service":"crm-inventario","timestamp":"2026-07-30 20:26:18"}
{"level":"info","message":"PostgreSQL connection established","service":"crm-inventario","timestamp":"2026-07-30 20:26:35"}
{"duration":"993ms","ip":"::1","level":"info","message":"GET /api/products?low_stock=true","service":"crm-inventario","status":304,"timestamp":"2026-07-30 20:26:35","user":5}
{"duration":"236ms","ip":"::1","level":"info","message":"POST /api/products","service":"crm-inventario","status":201,"timestamp":"2026-07-30 20:26:40","user":5}
{"duration":"244ms","ip":"::1","level":"info","message":"GET /api/products?page=1","service":"crm-inventario","status":200,"timestamp":"2026-07-30 20:26:40","user":5}
{"level":"info","message":"PostgreSQL connection established","service":"crm-inventario","timestamp":"2026-07-30 20:26:41"}
{"duration":"866ms","ip":"::1","level":"info","message":"GET /api/categories","service":"crm-inventario","status":304,"timestamp":"2026-07-30 20:26:41","user":5}
{"level":"info","message":"PostgreSQL connection removed from pool","service":"crm-inventario","timestamp":"2026-07-30 20:27:11"}
{"level":"info","message":"PostgreSQL connection removed from pool","service":"crm-inventario","timestamp":"2026-07-30 20:27:11"}
{"level":"info","message":"PostgreSQL connection established","service":"crm-inventario","timestamp":"2026-07-30 20:27:18"}
{"level":"info","message":"PostgreSQL connection established","service":"crm-inventario","timestamp":"2026-07-30 20:27:18"}
{"duration":"872ms","ip":"::1","level":"info","message":"GET /api/categories","service":"crm-inventario","status":304,"timestamp":"2026-07-30 20:27:18","user":5}
{"duration":"1000ms","ip":"::1","level":"info","message":"GET /api/products?category=4&page=1","service":"crm-inventario","status":200,"timestamp":"2026-07-30 20:27:18","user":5}
{"duration":"133ms","ip":"::1","level":"info","message":"GET /api/categories","service":"crm-inventario","status":304,"timestamp":"2026-07-30 20:27:26","user":5}
{"duration":"255ms","ip":"::1","level":"info","message":"GET /api/products?page=1","service":"crm-inventario","status":304,"timestamp":"2026-07-30 20:27:27","user":5}
{"duration":"262ms","ip":"::1","level":"info","message":"GET /api/products?low_stock=true","service":"crm-inventario","status":304,"timestamp":"2026-07-30 20:27:34","user":5}
{"level":"info","message":"PostgreSQL connection removed from pool","service":"crm-inventario","timestamp":"2026-07-30 20:27:57"}
{"duration":"289ms","ip":"::1","level":"info","message":"POST /api/products","service":"crm-inventario","status":201,"timestamp":"2026-07-30 20:28:03","user":5}
{"duration":"274ms","ip":"::1","level":"info","message":"GET /api/products?page=1","service":"crm-inventario","status":200,"timestamp":"2026-07-30 20:28:03","user":5}
{"level":"info","message":"PostgreSQL connection established","service":"crm-inventario","timestamp":"2026-07-30 20:28:04"}
{"duration":"963ms","ip":"::1","level":"info","message":"GET /api/categories","service":"crm-inventario","status":304,"timestamp":"2026-07-30 20:28:04","user":5}
{"duration":"410ms","ip":"::1","level":"info","message":"GET /api/products?low_stock=true","service":"crm-inventario","status":304,"timestamp":"2026-07-30 20:28:07","user":5}
{"duration":"272ms","ip":"::1","level":"info","message":"GET /api/products?low_stock=true","service":"crm-inventario","status":304,"timestamp":"2026-07-30 20:28:07","user":5}
{"duration":"1000ms","ip":"::1","level":"info","message":"GET /api/dashboard/stats","service":"crm-inventario","status":200,"timestamp":"2026-07-30 20:28:07","user":5}
{"duration":"805ms","ip":"::1","level":"info","message":"GET /api/dashboard/stats","service":"crm-inventario","status":304,"timestamp":"2026-07-30 20:28:08","user":5}
{"duration":"1079ms","ip":"::1","level":"info","message":"GET /api/reports/supplier-spending","service":"crm-inventario","status":200,"timestamp":"2026-07-30 20:28:27","user":5}
{"duration":"1399ms","ip":"::1","level":"info","message":"GET /api/reports/supplier-spending","service":"crm-inventario","status":304,"timestamp":"2026-07-30 20:28:28","user":5}
{"duration":"239ms","ip":"::1","level":"info","message":"GET /api/products?low_stock=true","service":"crm-inventario","status":304,"timestamp":"2026-07-30 20:28:34","user":5}
{"level":"info","message":"PostgreSQL connection removed from pool","service":"crm-inventario","timestamp":"2026-07-30 20:28:38"}
{"duration":"265ms","ip":"::1","level":"info","message":"GET /api/sales?page=1","service":"crm-inventario","status":304,"timestamp":"2026-07-30 20:28:47","user":5}
{"duration":"275ms","ip":"::1","level":"info","message":"GET /api/sales?page=1","service":"crm-inventario","status":304,"timestamp":"2026-07-30 20:28:47","user":5}
{"duration":"270ms","ip":"::1","level":"info","message":"GET /api/sales?page=1","service":"crm-inventario","status":304,"timestamp":"2026-07-30 20:28:47","user":5}
{"duration":"241ms","ip":"::1","level":"info","message":"GET /api/products","service":"crm-inventario","status":200,"timestamp":"2026-07-30 20:28:49","user":5}
{"level":"info","message":"PostgreSQL connection established","service":"crm-inventario","timestamp":"2026-07-30 20:28:50"}
{"duration":"1571ms","ip":"::1","level":"info","message":"GET /api/customers","service":"crm-inventario","status":304,"timestamp":"2026-07-30 20:28:50","user":5}
{"duration":"118ms","ip":"::1","level":"info","message":"GET /api/business/config","service":"crm-inventario","status":304,"timestamp":"2026-07-30 20:29:04","user":5}
{"duration":"125ms","ip":"::1","level":"info","message":"GET /api/auth/verify","service":"crm-inventario","status":200,"timestamp":"2026-07-30 20:29:04"}
{"duration":"127ms","ip":"::1","level":"info","message":"GET /api/business/config","service":"crm-inventario","status":304,"timestamp":"2026-07-30 20:29:05","user":5}
{"duration":"271ms","ip":"::1","level":"info","message":"POST /api/auth/login","service":"crm-inventario","status":200,"timestamp":"2026-07-30 20:29:12"}
{"duration":"323ms","ip":"::1","level":"info","message":"GET /api/products?low_stock=true","service":"crm-inventario","status":304,"timestamp":"2026-07-30 20:29:12","user":5}
{"duration":"238ms","ip":"::1","level":"info","message":"GET /api/products?low_stock=true","service":"crm-inventario","status":304,"timestamp":"2026-07-30 20:29:13","user":5}
{"duration":"831ms","ip":"::1","level":"info","message":"GET /api/dashboard/stats","service":"crm-inventario","status":304,"timestamp":"2026-07-30 20:29:13","user":5}
{"duration":"248ms","ip":"::1","level":"info","message":"GET /api/products?low_stock=true","service":"crm-inventario","status":304,"timestamp":"2026-07-30 20:29:13","user":5}
{"duration":"242ms","ip":"::1","level":"info","message":"GET /api/products?low_stock=true","service":"crm-inventario","status":304,"timestamp":"2026-07-30 20:29:13","user":5}
{"duration":"746ms","ip":"::1","level":"info","message":"GET /api/dashboard/stats","service":"crm-inventario","status":304,"timestamp":"2026-07-30 20:29:14","user":5}
{"level":"info","message":"PostgreSQL connection removed from pool","service":"crm-inventario","timestamp":"2026-07-30 20:29:43"}
{"level":"info","message":"PostgreSQL connection removed from pool","service":"crm-inventario","timestamp":"2026-07-30 20:29:44"}
{"level":"info","message":"PostgreSQL connection established","service":"crm-inventario","timestamp":"2026-07-30 20:29:48"}
{"duration":"1408ms","ip":"::1","level":"info","message":"GET /api/sales?page=1","service":"crm-inventario","status":304,"timestamp":"2026-07-30 20:29:48","user":5}
{"duration":"263ms","ip":"::1","level":"info","message":"GET /api/sales?page=1","service":"crm-inventario","status":304,"timestamp":"2026-07-30 20:29:48","user":5}
{"duration":"251ms","ip":"::1","level":"info","message":"GET /api/sales?page=1","service":"crm-inventario","status":304,"timestamp":"2026-07-30 20:29:48","user":5}
{"duration":"260ms","ip":"::1","level":"info","message":"GET /api/products?low_stock=true","service":"crm-inventario","status":304,"timestamp":"2026-07-30 20:30:12","user":5}
{"level":"info","message":"PostgreSQL connection established","service":"crm-inventario","timestamp":"2026-07-30 20:35:55"}
{"level":"info","message":"Schema initialized (PostgreSQL)","service":"crm-inventario","timestamp":"2026-07-30 20:35:56"}
{"level":"info","message":"Schema initialized, system ready","service":"crm-inventario","timestamp":"2026-07-30 20:35:56"}
{"duration":"2592ms","ip":"::1","level":"warn","message":"GET /api/products?low_stock=true","service":"crm-inventario","status":401,"timestamp":"2026-07-30 20:35:56"}
{"duration":"4ms","ip":"::1","level":"warn","message":"POST /api/auth/refresh","service":"crm-inventario","status":401,"timestamp":"2026-07-30 20:35:56"}
{"duration":"346ms","ip":"::1","level":"info","message":"POST /api/auth/login","service":"crm-inventario","status":200,"timestamp":"2026-07-30 20:36:23"}
{"duration":"285ms","ip":"::1","level":"info","message":"GET /api/customers","service":"crm-inventario","status":200,"timestamp":"2026-07-30 20:36:23","user":4}
{"duration":"264ms","ip":"::1","level":"info","message":"GET /api/customers?search=x","service":"crm-inventario","status":200,"timestamp":"2026-07-30 20:36:24","user":4}
{"duration":"284ms","ip":"::1","level":"info","message":"GET /api/suppliers","service":"crm-inventario","status":200,"timestamp":"2026-07-30 20:36:24","user":4}
{"duration":"273ms","ip":"::1","level":"info","message":"GET /api/products","service":"crm-inventario","status":200,"timestamp":"2026-07-30 20:36:25","user":4}
{"duration":"249ms","ip":"::1","level":"info","message":"GET /api/sales","service":"crm-inventario","status":200,"timestamp":"2026-07-30 20:36:25","user":4}
{"duration":"116ms","ip":"::1","level":"info","message":"GET /api/categories","service":"crm-inventario","status":200,"timestamp":"2026-07-30 20:36:25","user":4}
{"duration":"3ms","ip":"::1","level":"warn","message":"GET /api/users","service":"crm-inventario","status":403,"timestamp":"2026-07-30 20:36:25","user":4}
{"duration":"123ms","ip":"::1","level":"info","message":"GET /api/purchases","service":"crm-inventario","status":200,"timestamp":"2026-07-30 20:36:25","user":4}
{"level":"info","message":"PostgreSQL connection removed from pool","service":"crm-inventario","timestamp":"2026-07-30 20:36:56"}
{"level":"info","message":"PostgreSQL connection established","service":"crm-inventario","timestamp":"2026-07-30 20:37:24"}
{"duration":"2265ms","ip":"::1","level":"info","message":"POST /api/business/setup","service":"crm-inventario","status":201,"timestamp":"2026-07-30 20:37:25"}
{"duration":"247ms","ip":"::1","level":"info","message":"POST /api/auth/login","service":"crm-inventario","status":200,"timestamp":"2026-07-30 20:37:32"}
{"duration":"860ms","ip":"::1","level":"info","message":"GET /api/dashboard/stats","service":"crm-inventario","status":200,"timestamp":"2026-07-30 20:37:33","user":5}
{"level":"info","message":"PostgreSQL connection established","service":"crm-inventario","timestamp":"2026-07-30 20:37:33"}
{"duration":"1112ms","ip":"::1","level":"info","message":"GET /api/products?low_stock=true","service":"crm-inventario","status":304,"timestamp":"2026-07-30 20:37:34","user":5}
{"duration":"817ms","ip":"::1","level":"info","message":"GET /api/dashboard/stats","service":"crm-inventario","status":304,"timestamp":"2026-07-30 20:37:34","user":5}
{"duration":"628ms","ip":"::1","level":"info","message":"GET /api/products?low_stock=true","service":"crm-inventario","status":304,"timestamp":"2026-07-30 20:37:34","user":5}
{"duration":"248ms","ip":"::1","level":"info","message":"GET /api/products?low_stock=true","service":"crm-inventario","status":304,"timestamp":"2026-07-30 20:37:35","user":5}
{"duration":"266ms","ip":"::1","level":"info","message":"GET /api/products?low_stock=true","service":"crm-inventario","status":304,"timestamp":"2026-07-30 20:37:35","user":5}
{"duration":"122ms","ip":"::1","level":"info","message":"GET /api/auth/verify","service":"crm-inventario","status":200,"timestamp":"2026-07-30 20:37:37"}
{"duration":"145ms","ip":"::1","level":"info","message":"GET /api/business/config","service":"crm-inventario","status":304,"timestamp":"2026-07-30 20:37:37","user":5}
{"duration":"124ms","ip":"::1","level":"info","message":"GET /api/business/config","service":"crm-inventario","status":304,"timestamp":"2026-07-30 20:37:37","user":5}
{"duration":"248ms","ip":"::1","level":"info","message":"GET /api/products?low_stock=true","service":"crm-inventario","status":304,"timestamp":"2026-07-30 20:37:37","user":5}
{"duration":"311ms","ip":"::1","level":"info","message":"GET /api/products?low_stock=true","service":"crm-inventario","status":304,"timestamp":"2026-07-30 20:37:38","user":5}
{"duration":"720ms","ip":"::1","level":"info","message":"GET /api/dashboard/stats","service":"crm-inventario","status":304,"timestamp":"2026-07-30 20:37:38","user":5}
{"duration":"250ms","ip":"::1","level":"info","message":"GET /api/products?low_stock=true","service":"crm-inventario","status":304,"timestamp":"2026-07-30 20:37:38","user":5}
{"duration":"249ms","ip":"::1","level":"info","message":"GET /api/products?low_stock=true","service":"crm-inventario","status":304,"timestamp":"2026-07-30 20:37:38","user":5}
{"duration":"944ms","ip":"::1","level":"info","message":"GET /api/dashboard/stats","service":"crm-inventario","status":304,"timestamp":"2026-07-30 20:37:39","user":5}
{"duration":"309ms","ip":"::1","level":"info","message":"GET /api/sales?page=1","service":"crm-inventario","status":304,"timestamp":"2026-07-30 20:37:39","user":5}
{"duration":"239ms","ip":"::1","level":"info","message":"GET /api/sales?page=1","service":"crm-inventario","status":304,"timestamp":"2026-07-30 20:37:39","user":5}
{"duration":"248ms","ip":"::1","level":"info","message":"GET /api/sales?page=1","service":"crm-inventario","status":304,"timestamp":"2026-07-30 20:37:40","user":5}
{"duration":"120ms","ip":"::1","level":"info","message":"GET /api/categories","service":"crm-inventario","status":304,"timestamp":"2026-07-30 20:37:43","user":5}
{"duration":"126ms","ip":"::1","level":"info","message":"GET /api/categories","service":"crm-inventario","status":304,"timestamp":"2026-07-30 20:37:43","user":5}
{"duration":"239ms","ip":"::1","level":"info","message":"GET /api/sales?page=1","service":"crm-inventario","status":304,"timestamp":"2026-07-30 20:37:55","user":5}
{"duration":"233ms","ip":"::1","level":"info","message":"GET /api/sales?page=1","service":"crm-inventario","status":304,"timestamp":"2026-07-30 20:37:55","user":5}
{"duration":"230ms","ip":"::1","level":"info","message":"GET /api/sales?page=1","service":"crm-inventario","status":304,"timestamp":"2026-07-30 20:37:56","user":5}
{"duration":"246ms","ip":"::1","level":"info","message":"GET /api/products","service":"crm-inventario","status":200,"timestamp":"2026-07-30 20:37:57","user":5}
{"duration":"253ms","ip":"::1","level":"info","message":"GET /api/customers","service":"crm-inventario","status":200,"timestamp":"2026-07-30 20:37:57","user":5}
{"level":"info","message":"PostgreSQL connection removed from pool","service":"crm-inventario","timestamp":"2026-07-30 20:38:27"}
{"level":"info","message":"PostgreSQL connection removed from pool","service":"crm-inventario","timestamp":"2026-07-30 20:38:27"}
{"level":"info","message":"PostgreSQL connection established","service":"crm-inventario","timestamp":"2026-07-30 20:38:38"}
{"duration":"993ms","ip":"::1","level":"info","message":"GET /api/products?low_stock=true","service":"crm-inventario","status":304,"timestamp":"2026-07-30 20:38:38","user":5}
{"duration":"1003ms","ip":"::1","level":"info","message":"GET /api/reports/supplier-spending","service":"crm-inventario","status":304,"timestamp":"2026-07-30 20:38:59","user":5}
{"duration":"1376ms","ip":"::1","level":"info","message":"GET /api/reports/supplier-spending","service":"crm-inventario","status":304,"timestamp":"2026-07-30 20:39:00","user":5}
{"duration":"274ms","ip":"::1","level":"info","message":"GET /api/sales?page=1","service":"crm-inventario","status":304,"timestamp":"2026-07-30 20:39:24","user":5}
{"duration":"248ms","ip":"::1","level":"info","message":"GET /api/sales?page=1","service":"crm-inventario","status":304,"timestamp":"2026-07-30 20:39:24","user":5}
{"duration":"301ms","ip":"::1","level":"info","message":"GET /api/sales?page=1","service":"crm-inventario","status":304,"timestamp":"2026-07-30 20:39:24","user":5}
{"duration":"263ms","ip":"::1","level":"info","message":"GET /api/products","service":"crm-inventario","status":304,"timestamp":"2026-07-30 20:39:34","user":5}
{"level":"info","message":"PostgreSQL connection established","service":"crm-inventario","timestamp":"2026-07-30 20:39:34"}
{"duration":"1018ms","ip":"::1","level":"info","message":"GET /api/customers","service":"crm-inventario","status":304,"timestamp":"2026-07-30 20:39:34","user":5}
{"duration":"238ms","ip":"::1","level":"info","message":"GET /api/products?low_stock=true","service":"crm-inventario","status":304,"timestamp":"2026-07-30 20:39:37","user":5}
{"level":"info","message":"PostgreSQL connection removed from pool","service":"crm-inventario","timestamp":"2026-07-30 20:40:04"}
{"level":"info","message":"PostgreSQL connection removed from pool","service":"crm-inventario","timestamp":"2026-07-30 20:40:07"}
{"level":"info","message":"PostgreSQL connection established","service":"crm-inventario","timestamp":"2026-07-30 20:40:32"}
{"duration":"4143ms","ip":"::1","level":"info","message":"POST /api/sales","service":"crm-inventario","status":201,"timestamp":"2026-07-30 20:40:34","user":5}
{"duration":"413ms","ip":"::1","level":"info","message":"GET /api/sales?page=1","service":"crm-inventario","status":200,"timestamp":"2026-07-30 20:40:35","user":5}
{"duration":"258ms","ip":"::1","level":"info","message":"GET /api/products?low_stock=true","service":"crm-inventario","status":304,"timestamp":"2026-07-30 20:40:37","user":5}
{"duration":"317ms","ip":"::1","level":"info","message":"GET /api/products?page=1","service":"crm-inventario","status":200,"timestamp":"2026-07-30 20:40:39","user":5}
{"duration":"316ms","ip":"::1","level":"info","message":"GET /api/products?page=1","service":"crm-inventario","status":304,"timestamp":"2026-07-30 20:40:39","user":5}
{"duration":"268ms","ip":"::1","level":"info","message":"GET /api/products?page=1","service":"crm-inventario","status":304,"timestamp":"2026-07-30 20:40:39","user":5}
{"level":"info","message":"PostgreSQL connection established","service":"crm-inventario","timestamp":"2026-07-30 20:40:39"}
{"duration":"1042ms","ip":"::1","level":"info","message":"GET /api/categories","service":"crm-inventario","status":304,"timestamp":"2026-07-30 20:40:40","user":5}
{"duration":"118ms","ip":"::1","level":"info","message":"GET /api/categories","service":"crm-inventario","status":304,"timestamp":"2026-07-30 20:40:40","user":5}
{"duration":"212ms","ip":"::1","level":"info","message":"GET /api/categories","service":"crm-inventario","status":304,"timestamp":"2026-07-30 20:40:40","user":5}
{"duration":"273ms","ip":"::1","level":"info","message":"GET /api/products?low_stock=true","service":"crm-inventario","status":304,"timestamp":"2026-07-30 20:40:46","user":5}
{"duration":"673ms","ip":"::1","level":"info","message":"GET /api/products?low_stock=true","service":"crm-inventario","status":304,"timestamp":"2026-07-30 20:40:46","user":5}
{"duration":"1329ms","ip":"::1","level":"info","message":"GET /api/dashboard/stats","service":"crm-inventario","status":200,"timestamp":"2026-07-30 20:40:47","user":5}
{"duration":"1469ms","ip":"::1","level":"info","message":"GET /api/dashboard/stats","service":"crm-inventario","status":304,"timestamp":"2026-07-30 20:40:48","user":5}
{"level":"info","message":"PostgreSQL connection removed from pool","service":"crm-inventario","timestamp":"2026-07-30 20:41:16"}
{"level":"info","message":"PostgreSQL connection removed from pool","service":"crm-inventario","timestamp":"2026-07-30 20:41:18"}
{"level":"info","message":"PostgreSQL connection established","service":"crm-inventario","timestamp":"2026-07-30 20:41:38"}
{"duration":"1079ms","ip":"::1","level":"info","message":"GET /api/products?low_stock=true","service":"crm-inventario","status":304,"timestamp":"2026-07-30 20:41:38","user":5}
{"duration":"251ms","ip":"::1","level":"info","message":"GET /api/suppliers?page=1","service":"crm-inventario","status":200,"timestamp":"2026-07-30 20:42:01","user":5}
{"duration":"263ms","ip":"::1","level":"info","message":"GET /api/suppliers?page=1","service":"crm-inventario","status":304,"timestamp":"2026-07-30 20:42:01","user":5}
{"duration":"251ms","ip":"::1","level":"info","message":"GET /api/suppliers?page=1","service":"crm-inventario","status":304,"timestamp":"2026-07-30 20:42:01","user":5}
{"duration":"237ms","ip":"::1","level":"info","message":"GET /api/customers?page=1","service":"crm-inventario","status":200,"timestamp":"2026-07-30 20:42:04","user":5}
{"duration":"241ms","ip":"::1","level":"info","message":"GET /api/customers?page=1","service":"crm-inventario","status":304,"timestamp":"2026-07-30 20:42:04","user":5}
{"duration":"245ms","ip":"::1","level":"info","message":"GET /api/customers?page=1","service":"crm-inventario","status":304,"timestamp":"2026-07-30 20:42:05","user":5}
{"duration":"121ms","ip":"::1","level":"info","message":"GET /api/categories","service":"crm-inventario","status":304,"timestamp":"2026-07-30 20:42:05","user":5}
{"duration":"124ms","ip":"::1","level":"info","message":"GET /api/categories","service":"crm-inventario","status":304,"timestamp":"2026-07-30 20:42:06","user":5}
{"duration":"308ms","ip":"::1","level":"info","message":"GET /api/products?page=1","service":"crm-inventario","status":304,"timestamp":"2026-07-30 20:42:07","user":5}
{"duration":"278ms","ip":"::1","level":"info","message":"GET /api/products?page=1","service":"crm-inventario","status":304,"timestamp":"2026-07-30 20:42:07","user":5}
{"duration":"280ms","ip":"::1","level":"info","message":"GET /api/products?page=1","service":"crm-inventario","status":304,"timestamp":"2026-07-30 20:42:08","user":5}
{"level":"info","message":"PostgreSQL connection established","service":"crm-inventario","timestamp":"2026-07-30 20:42:08"}
{"duration":"1000ms","ip":"::1","level":"info","message":"GET /api/categories","service":"crm-inventario","status":304,"timestamp":"2026-07-30 20:42:08","user":5}
{"duration":"124ms","ip":"::1","level":"info","message":"GET /api/categories","service":"crm-inventario","status":304,"timestamp":"2026-07-30 20:42:08","user":5}
{"duration":"123ms","ip":"::1","level":"info","message":"GET /api/categories","service":"crm-inventario","status":304,"timestamp":"2026-07-30 20:42:08","user":5}
{"level":"info","message":"PostgreSQL connection removed from pool","service":"crm-inventario","timestamp":"2026-07-30 20:42:38"}
{"duration":"256ms","ip":"::1","level":"info","message":"GET /api/products?low_stock=true","service":"crm-inventario","status":304,"timestamp":"2026-07-30 20:42:38","user":5}
{"level":"info","message":"PostgreSQL connection removed from pool","service":"crm-inventario","timestamp":"2026-07-30 20:43:08"}
{"level":"info","message":"PostgreSQL connection established","service":"crm-inventario","timestamp":"2026-07-30 20:43:38"}
{"duration":"1021ms","ip":"::1","level":"info","message":"GET /api/products?low_stock=true","service":"crm-inventario","status":304,"timestamp":"2026-07-30 20:43:39","user":5}
{"level":"info","message":"PostgreSQL connection removed from pool","service":"crm-inventario","timestamp":"2026-07-30 20:44:09"}
{"level":"info","message":"PostgreSQL connection established","service":"crm-inventario","timestamp":"2026-07-30 20:44:55"}
{"duration":"1930ms","ip":"::1","level":"info","message":"POST /api/auth/login","service":"crm-inventario","status":200,"timestamp":"2026-07-30 20:44:55"}
{"duration":"1106ms","ip":"::1","level":"info","message":"GET /api/reports/supplier-spending","service":"crm-inventario","status":200,"timestamp":"2026-07-30 20:44:57","user":4}
{"duration":"1105ms","ip":"::1","level":"info","message":"GET /api/dashboard/stats","service":"crm-inventario","status":200,"timestamp":"2026-07-30 20:44:58","user":4}
{"duration":"244ms","ip":"::1","level":"info","message":"GET /api/products?low_stock=true","service":"crm-inventario","status":304,"timestamp":"2026-07-30 20:45:18","user":5}
{"duration":"247ms","ip":"::1","level":"info","message":"GET /api/products?low_stock=true","service":"crm-inventario","status":304,"timestamp":"2026-07-30 20:45:38","user":5}
{"level":"info","message":"PostgreSQL connection established","service":"crm-inventario","timestamp":"2026-07-30 20:46:39"}
{"level":"info","message":"Schema initialized (PostgreSQL)","service":"crm-inventario","timestamp":"2026-07-30 20:46:39"}
{"level":"info","message":"Schema initialized, system ready","service":"crm-inventario","timestamp":"2026-07-30 20:46:39"}
{"duration":"1695ms","ip":"::1","level":"info","message":"GET /api/products?low_stock=true","service":"crm-inventario","status":304,"timestamp":"2026-07-30 20:46:39","user":5}
{"level":"info","message":"PostgreSQL connection established","service":"crm-inventario","timestamp":"2026-07-30 20:47:01"}
{"level":"info","message":"Schema initialized (PostgreSQL)","service":"crm-inventario","timestamp":"2026-07-30 20:47:02"}
{"level":"info","message":"Schema initialized, system ready","service":"crm-inventario","timestamp":"2026-07-30 20:47:02"}
{"duration":"1801ms","ip":"::1","level":"info","message":"GET /api/business/config","service":"crm-inventario","status":200,"timestamp":"2026-07-30 20:47:03","user":5}
{"level":"info","message":"PostgreSQL connection established","service":"crm-inventario","timestamp":"2026-07-30 20:47:03"}
{"level":"info","message":"PostgreSQL connection established","service":"crm-inventario","timestamp":"2026-07-30 20:47:03"}
{"duration":"1630ms","ip":"::1","level":"info","message":"GET /api/auth/verify","service":"crm-inventario","status":304,"timestamp":"2026-07-30 20:47:03"}
{"duration":"1633ms","ip":"::1","level":"info","message":"GET /api/business/config","service":"crm-inventario","status":200,"timestamp":"2026-07-30 20:47:03","user":5}
{"duration":"121ms","ip":"::1","level":"info","message":"GET /api/business/config","service":"crm-inventario","status":304,"timestamp":"2026-07-30 20:47:03","user":5}
{"duration":"127ms","ip":"::1","level":"info","message":"GET /api/categories","service":"crm-inventario","status":304,"timestamp":"2026-07-30 20:47:04","user":5}
{"duration":"244ms","ip":"::1","level":"info","message":"GET /api/products?page=1","service":"crm-inventario","status":304,"timestamp":"2026-07-30 20:47:04","user":5}
{"duration":"241ms","ip":"::1","level":"info","message":"GET /api/products?low_stock=true","service":"crm-inventario","status":304,"timestamp":"2026-07-30 20:47:04","user":5}
{"duration":"138ms","ip":"::1","level":"info","message":"GET /api/categories","service":"crm-inventario","status":304,"timestamp":"2026-07-30 20:47:04","user":5}
{"duration":"245ms","ip":"::1","level":"info","message":"GET /api/products?page=1","service":"crm-inventario","status":304,"timestamp":"2026-07-30 20:47:04","user":5}
{"duration":"244ms","ip":"::1","level":"info","message":"GET /api/products?low_stock=true","service":"crm-inventario","status":304,"timestamp":"2026-07-30 20:47:04","user":5}
{"duration":"132ms","ip":"::1","level":"info","message":"GET /api/categories","service":"crm-inventario","status":304,"timestamp":"2026-07-30 20:47:05","user":5}
{"duration":"246ms","ip":"::1","level":"info","message":"GET /api/products?page=1","service":"crm-inventario","status":304,"timestamp":"2026-07-30 20:47:05","user":5}
{"duration":"133ms","ip":"::1","level":"info","message":"GET /api/categories","service":"crm-inventario","status":304,"timestamp":"2026-07-30 20:47:10","user":5}
{"duration":"135ms","ip":"::1","level":"info","message":"GET /api/categories","service":"crm-inventario","status":304,"timestamp":"2026-07-30 20:47:10","user":5}
{"duration":"280ms","ip":"::1","level":"info","message":"GET /api/products?page=1","service":"crm-inventario","status":304,"timestamp":"2026-07-30 20:47:10","user":5}
{"duration":"278ms","ip":"::1","level":"info","message":"GET /api/products?low_stock=true","service":"crm-inventario","status":304,"timestamp":"2026-07-30 20:47:10","user":5}
{"duration":"255ms","ip":"::1","level":"info","message":"GET /api/products?page=1","service":"crm-inventario","status":304,"timestamp":"2026-07-30 20:47:10","user":5}
{"duration":"270ms","ip":"::1","level":"info","message":"GET /api/products?low_stock=true","service":"crm-inventario","status":304,"timestamp":"2026-07-30 20:47:10","user":5}
{"duration":"120ms","ip":"::1","level":"info","message":"GET /api/categories","service":"crm-inventario","status":304,"timestamp":"2026-07-30 20:47:11","user":5}
{"duration":"264ms","ip":"::1","level":"info","message":"GET /api/products?page=1","service":"crm-inventario","status":304,"timestamp":"2026-07-30 20:47:11","user":5}
{"level":"info","message":"PostgreSQL connection removed from pool","service":"crm-inventario","timestamp":"2026-07-30 20:47:40"}
{"level":"info","message":"PostgreSQL connection removed from pool","service":"crm-inventario","timestamp":"2026-07-30 20:47:41"}
{"level":"info","message":"PostgreSQL connection removed from pool","service":"crm-inventario","timestamp":"2026-07-30 20:47:41"}
{"level":"info","message":"PostgreSQL connection established","service":"crm-inventario","timestamp":"2026-07-30 20:48:09"}
{"level":"info","message":"PostgreSQL connection established","service":"crm-inventario","timestamp":"2026-07-30 20:48:09"}
{"duration":"2047ms","ip":"::1","level":"info","message":"GET /api/products?page=1","service":"crm-inventario","status":200,"timestamp":"2026-07-30 20:48:10","user":5}
{"duration":"2047ms","ip":"::1","level":"info","message":"GET /api/categories","service":"crm-inventario","status":200,"timestamp":"2026-07-30 20:48:10","user":5}
{"duration":"125ms","ip":"::1","level":"info","message":"GET /api/categories","service":"crm-inventario","status":304,"timestamp":"2026-07-30 20:48:10","user":5}
{"duration":"255ms","ip":"::1","level":"info","message":"GET /api/products?page=1","service":"crm-inventario","status":304,"timestamp":"2026-07-30 20:48:10","user":5}
{"duration":"302ms","ip":"::1","level":"info","message":"GET /api/products?low_stock=true","service":"crm-inventario","status":304,"timestamp":"2026-07-30 20:48:11","user":5}
{"level":"info","message":"PostgreSQL connection removed from pool","service":"crm-inventario","timestamp":"2026-07-30 20:48:40"}
{"level":"info","message":"PostgreSQL connection removed from pool","service":"crm-inventario","timestamp":"2026-07-30 20:48:41"}
{"level":"info","message":"PostgreSQL connection established","service":"crm-inventario","timestamp":"2026-07-30 20:49:12"}
{"duration":"1231ms","ip":"::1","level":"info","message":"GET /api/products?low_stock=true","service":"crm-inventario","status":304,"timestamp":"2026-07-30 20:49:12","user":5}
{"level":"info","message":"PostgreSQL connection removed from pool","service":"crm-inventario","timestamp":"2026-07-30 20:49:42"}
{"level":"info","message":"PostgreSQL connection established","service":"crm-inventario","timestamp":"2026-07-30 20:50:11"}
{"duration":"1117ms","ip":"::1","level":"info","message":"GET /api/products?low_stock=true","service":"crm-inventario","status":304,"timestamp":"2026-07-30 20:50:12","user":5}
{"level":"info","message":"PostgreSQL connection removed from pool","service":"crm-inventario","timestamp":"2026-07-30 20:50:42"}
{"level":"info","message":"PostgreSQL connection established","service":"crm-inventario","timestamp":"2026-07-30 20:52:05"}
{"level":"info","message":"Schema initialized (PostgreSQL)","service":"crm-inventario","timestamp":"2026-07-30 20:52:05"}
{"level":"info","message":"Schema initialized, system ready","service":"crm-inventario","timestamp":"2026-07-30 20:52:05"}
{"duration":"1885ms","ip":"::1","level":"info","message":"GET /api/products?low_stock=true","service":"crm-inventario","status":200,"timestamp":"2026-07-30 20:52:06","user":5}
{"level":"info","message":"PostgreSQL connection established","service":"crm-inventario","timestamp":"2026-07-30 20:52:49"}
{"duration":"1044ms","ip":"::1","level":"info","message":"GET /api/health","service":"crm-inventario","status":200,"timestamp":"2026-07-30 20:52:49"}
{"level":"info","message":"Schema initialized (PostgreSQL)","service":"crm-inventario","timestamp":"2026-07-30 20:52:50"}
{"level":"info","message":"Schema initialized, system ready","service":"crm-inventario","timestamp":"2026-07-30 20:52:50"}
{"duration":"1090ms","ip":"::1","level":"warn","message":"POST /api/auth/login","service":"crm-inventario","status":401,"timestamp":"2026-07-30 20:52:50"}
{"duration":"289ms","ip":"::1","level":"info","message":"GET /api/products?low_stock=true","service":"crm-inventario","status":304,"timestamp":"2026-07-30 20:53:04","user":5}
{"level":"info","message":"SQLite database opened: D:\\PROGRAMACION\\backend\\inventario.db","service":"crm-inventario","timestamp":"2026-07-30 20:53:24"}
{"level":"info","message":"PostgreSQL connection removed from pool","service":"crm-inventario","timestamp":"2026-07-30 20:53:34"}
{"level":"info","message":"PostgreSQL connection established","service":"crm-inventario","timestamp":"2026-07-30 20:54:05"}
{"duration":"1361ms","ip":"::1","level":"info","message":"GET /api/products?low_stock=true","service":"crm-inventario","status":304,"timestamp":"2026-07-30 20:54:05","user":5}
{"level":"info","message":"PostgreSQL connection removed from pool","service":"crm-inventario","timestamp":"2026-07-30 20:54:35"}
{"level":"info","message":"PostgreSQL connection established","service":"crm-inventario","timestamp":"2026-07-30 20:55:04"}
{"duration":"971ms","ip":"::1","level":"info","message":"GET /api/products?low_stock=true","service":"crm-inventario","status":304,"timestamp":"2026-07-30 20:55:05","user":5}
{"duration":"122ms","ip":"::1","level":"info","message":"GET /api/health","service":"crm-inventario","status":200,"timestamp":"2026-07-30 20:55:12"}
{"duration":"1ms","ip":"::1","level":"info","message":"GET /api/health","service":"crm-inventario","status":200,"timestamp":"2026-07-30 20:55:12"}
{"level":"info","message":"PostgreSQL connection removed from pool","service":"crm-inventario","timestamp":"2026-07-30 20:55:42"}
{"level":"info","message":"PostgreSQL connection established","service":"crm-inventario","timestamp":"2026-07-30 20:56:04"}
{"duration":"1019ms","ip":"::1","level":"info","message":"GET /api/products?low_stock=true","service":"crm-inventario","status":304,"timestamp":"2026-07-30 20:56:05","user":5}
{"level":"info","message":"PostgreSQL connection removed from pool","service":"crm-inventario","timestamp":"2026-07-30 20:56:35"}
{"level":"info","message":"PostgreSQL connection established","service":"crm-inventario","timestamp":"2026-07-30 20:56:39"}
{"level":"info","message":"PostgreSQL connection established","service":"crm-inventario","timestamp":"2026-07-30 20:56:40"}
{"duration":"1075ms","ip":"::1","level":"info","message":"POST /api/auth/login","service":"crm-inventario","status":200,"timestamp":"2026-07-30 20:56:40"}
{"duration":"338ms","ip":"::1","level":"info","message":"POST /api/auth/login","service":"crm-inventario","status":200,"timestamp":"2026-07-30 20:56:54"}
{"duration":"125ms","ip":"::1","level":"warn","message":"POST /api/services","service":"crm-inventario","status":500,"timestamp":"2026-07-30 20:56:54","user":7}
{"level":"info","message":"PostgreSQL connection removed from pool","service":"crm-inventario","timestamp":"2026-07-30 20:56:54"}
{"level":"info","message":"PostgreSQL connection established","service":"crm-inventario","timestamp":"2026-07-30 20:56:55"}
{"duration":"899ms","ip":"::1","level":"warn","message":"POST /api/services","service":"crm-inventario","status":500,"timestamp":"2026-07-30 20:56:55","user":7}
{"level":"info","message":"PostgreSQL connection removed from pool","service":"crm-inventario","timestamp":"2026-07-30 20:56:55"}
{"level":"info","message":"PostgreSQL connection established","service":"crm-inventario","timestamp":"2026-07-30 20:56:56"}
{"duration":"1009ms","ip":"::1","level":"info","message":"GET /api/services/summary?date=2026-07-30","service":"crm-inventario","status":200,"timestamp":"2026-07-30 20:56:56","user":7}
{"duration":"306ms","ip":"::1","level":"info","message":"GET /api/services","service":"crm-inventario","status":200,"timestamp":"2026-07-30 20:56:57","user":7}
{"duration":"504ms","ip":"::1","level":"info","message":"GET /api/reports/services","service":"crm-inventario","status":200,"timestamp":"2026-07-30 20:56:57","user":7}
{"duration":"1080ms","ip":"::1","level":"info","message":"GET /api/reports/supplier-spending","service":"crm-inventario","status":200,"timestamp":"2026-07-30 20:56:59","user":7}
{"duration":"318ms","ip":"::1","level":"info","message":"GET /api/products?low_stock=true","service":"crm-inventario","status":304,"timestamp":"2026-07-30 20:57:04","user":5}
{"level":"info","message":"PostgreSQL connection established","service":"crm-inventario","timestamp":"2026-07-30 21:01:04"}
{"level":"info","message":"Schema initialized (PostgreSQL)","service":"crm-inventario","timestamp":"2026-07-30 21:01:05"}
{"level":"info","message":"Schema initialized, system ready","service":"crm-inventario","timestamp":"2026-07-30 21:01:05"}
{"duration":"2471ms","ip":"::1","level":"info","message":"POST /api/business/setup","service":"crm-inventario","status":201,"timestamp":"2026-07-30 21:01:06"}
{"duration":"265ms","ip":"::1","level":"info","message":"POST /api/auth/login","service":"crm-inventario","status":200,"timestamp":"2026-07-30 21:01:14"}
{"level":"info","message":"PostgreSQL connection established","service":"crm-inventario","timestamp":"2026-07-30 21:01:15"}
{"duration":"794ms","ip":"::1","level":"info","message":"GET /api/dashboard/stats","service":"crm-inventario","status":200,"timestamp":"2026-07-30 21:01:15","user":8}
{"duration":"1331ms","ip":"::1","level":"info","message":"GET /api/products?low_stock=true","service":"crm-inventario","status":304,"timestamp":"2026-07-30 21:01:15","user":8}
{"duration":"792ms","ip":"::1","level":"info","message":"GET /api/dashboard/stats","service":"crm-inventario","status":304,"timestamp":"2026-07-30 21:01:16","user":8}
{"duration":"286ms","ip":"::1","level":"info","message":"GET /api/products?low_stock=true","service":"crm-inventario","status":304,"timestamp":"2026-07-30 21:01:16","user":8}
{"duration":"240ms","ip":"::1","level":"info","message":"GET /api/products?low_stock=true","service":"crm-inventario","status":304,"timestamp":"2026-07-30 21:01:16","user":8}
{"duration":"300ms","ip":"::1","level":"info","message":"GET /api/products?low_stock=true","service":"crm-inventario","status":304,"timestamp":"2026-07-30 21:01:16","user":8}
{"duration":"125ms","ip":"::1","level":"info","message":"GET /api/business/config","service":"crm-inventario","status":200,"timestamp":"2026-07-30 21:01:19","user":8}
{"duration":"125ms","ip":"::1","level":"info","message":"GET /api/auth/verify","service":"crm-inventario","status":200,"timestamp":"2026-07-30 21:01:19"}
{"duration":"125ms","ip":"::1","level":"info","message":"GET /api/business/config","service":"crm-inventario","status":304,"timestamp":"2026-07-30 21:01:19","user":8}
{"duration":"740ms","ip":"::1","level":"info","message":"GET /api/dashboard/stats","service":"crm-inventario","status":304,"timestamp":"2026-07-30 21:01:20","user":8}
{"duration":"744ms","ip":"::1","level":"info","message":"GET /api/dashboard/stats","service":"crm-inventario","status":304,"timestamp":"2026-07-30 21:01:21","user":8}
{"duration":"247ms","ip":"::1","level":"info","message":"GET /api/services?date=2026-07-31&page=1","service":"crm-inventario","status":200,"timestamp":"2026-07-30 21:01:21","user":8}
{"duration":"246ms","ip":"::1","level":"info","message":"GET /api/services/summary?date=2026-07-31","service":"crm-inventario","status":200,"timestamp":"2026-07-30 21:01:21","user":8}
{"duration":"255ms","ip":"::1","level":"info","message":"GET /api/services?date=2026-07-31&page=1","service":"crm-inventario","status":304,"timestamp":"2026-07-30 21:01:22","user":8}
{"duration":"257ms","ip":"::1","level":"info","message":"GET /api/services/summary?date=2026-07-31","service":"crm-inventario","status":304,"timestamp":"2026-07-30 21:01:22","user":8}
{"level":"info","message":"PostgreSQL connection established","service":"crm-inventario","timestamp":"2026-07-30 21:01:22"}
{"duration":"285ms","ip":"::1","level":"info","message":"GET /api/services?date=2026-07-31&page=1","service":"crm-inventario","status":304,"timestamp":"2026-07-30 21:01:22","user":8}
{"duration":"2617ms","ip":"::1","level":"info","message":"GET /api/products?low_stock=true","service":"crm-inventario","status":304,"timestamp":"2026-07-30 21:01:22","user":8}
{"duration":"1054ms","ip":"::1","level":"info","message":"GET /api/products?low_stock=true","service":"crm-inventario","status":304,"timestamp":"2026-07-30 21:01:23","user":8}
{"duration":"300ms","ip":"::1","level":"info","message":"GET /api/products?low_stock=true","service":"crm-inventario","status":304,"timestamp":"2026-07-30 21:01:23","user":8}
{"duration":"304ms","ip":"::1","level":"info","message":"GET /api/products?low_stock=true","service":"crm-inventario","status":304,"timestamp":"2026-07-30 21:01:24","user":8}
{"duration":"310ms","ip":"::1","level":"info","message":"GET /api/customers","service":"crm-inventario","status":304,"timestamp":"2026-07-30 21:01:28","user":8}
{"duration":"512ms","ip":"::1","level":"info","message":"GET /api/reports/services","service":"crm-inventario","status":200,"timestamp":"2026-07-30 21:01:49","user":8}
{"duration":"1348ms","ip":"::1","level":"info","message":"GET /api/reports/supplier-spending","service":"crm-inventario","status":200,"timestamp":"2026-07-30 21:01:50","user":8}
{"duration":"872ms","ip":"::1","level":"info","message":"GET /api/reports/services","service":"crm-inventario","status":304,"timestamp":"2026-07-30 21:01:50","user":8}
{"duration":"1098ms","ip":"::1","level":"info","message":"GET /api/reports/supplier-spending","service":"crm-inventario","status":304,"timestamp":"2026-07-30 21:01:51","user":8}
{"level":"info","message":"PostgreSQL connection removed from pool","service":"crm-inventario","timestamp":"2026-07-30 21:01:52"}
{"level":"info","message":"PostgreSQL connection removed from pool","service":"crm-inventario","timestamp":"2026-07-30 21:02:20"}
{"duration":"240ms","ip":"::1","level":"info","message":"GET /api/products?low_stock=true","service":"crm-inventario","status":304,"timestamp":"2026-07-30 21:02:20","user":8}
{"duration":"247ms","ip":"::1","level":"info","message":"GET /api/services?date=2026-07-31&page=1","service":"crm-inventario","status":304,"timestamp":"2026-07-30 21:02:43","user":8}
{"duration":"237ms","ip":"::1","level":"info","message":"GET /api/services?date=2026-07-31&page=1","service":"crm-inventario","status":304,"timestamp":"2026-07-30 21:02:43","user":8}
{"duration":"246ms","ip":"::1","level":"info","message":"GET /api/services?date=2026-07-31&page=1","service":"crm-inventario","status":304,"timestamp":"2026-07-30 21:02:43","user":8}
{"level":"info","message":"PostgreSQL connection established","service":"crm-inventario","timestamp":"2026-07-30 21:02:43"}
{"duration":"1017ms","ip":"::1","level":"info","message":"GET /api/services/summary?date=2026-07-31","service":"crm-inventario","status":304,"timestamp":"2026-07-30 21:02:43","user":8}
{"duration":"243ms","ip":"::1","level":"info","message":"GET /api/services/summary?date=2026-07-31","service":"crm-inventario","status":304,"timestamp":"2026-07-30 21:02:44","user":8}
{"level":"info","message":"PostgreSQL connection removed from pool","service":"crm-inventario","timestamp":"2026-07-30 21:03:13"}
{"level":"info","message":"PostgreSQL connection removed from pool","service":"crm-inventario","timestamp":"2026-07-30 21:03:14"}
{"level":"info","message":"PostgreSQL connection established","service":"crm-inventario","timestamp":"2026-07-30 21:03:20"}
{"duration":"1277ms","ip":"::1","level":"info","message":"GET /api/products?low_stock=true","service":"crm-inventario","status":304,"timestamp":"2026-07-30 21:03:21","user":8}
{"level":"info","message":"PostgreSQL connection removed from pool","service":"crm-inventario","timestamp":"2026-07-30 21:03:51"}
{"level":"info","message":"PostgreSQL connection established","service":"crm-inventario","timestamp":"2026-07-30 21:04:20"}
{"duration":"1022ms","ip":"::1","level":"info","message":"GET /api/products?low_stock=true","service":"crm-inventario","status":304,"timestamp":"2026-07-30 21:04:20","user":8}
{"level":"info","message":"PostgreSQL connection removed from pool","service":"crm-inventario","timestamp":"2026-07-30 21:04:51"}
{"level":"info","message":"PostgreSQL connection established","service":"crm-inventario","timestamp":"2026-07-30 21:05:20"}
{"level":"info","message":"Schema initialized (PostgreSQL)","service":"crm-inventario","timestamp":"2026-07-30 21:05:21"}
{"level":"info","message":"Schema initialized, system ready","service":"crm-inventario","timestamp":"2026-07-30 21:05:21"}
{"duration":"2157ms","ip":"::1","level":"info","message":"GET /api/products?low_stock=true","service":"crm-inventario","status":304,"timestamp":"2026-07-30 21:05:22","user":8}
{"level":"info","message":"PostgreSQL connection established","service":"crm-inventario","timestamp":"2026-07-30 21:06:20"}
{"level":"info","message":"Schema initialized (PostgreSQL)","service":"crm-inventario","timestamp":"2026-07-30 21:06:22"}
{"level":"info","message":"Schema initialized, system ready","service":"crm-inventario","timestamp":"2026-07-30 21:06:22"}
{"duration":"2734ms","ip":"::1","level":"info","message":"GET /api/products?low_stock=true","service":"crm-inventario","status":304,"timestamp":"2026-07-30 21:06:22","user":8}
{"level":"info","message":"PostgreSQL connection removed from pool","service":"crm-inventario","timestamp":"2026-07-30 21:06:52"}
{"level":"info","message":"PostgreSQL connection established","service":"crm-inventario","timestamp":"2026-07-30 21:07:20"}
{"duration":"1174ms","ip":"::1","level":"info","message":"GET /api/products?low_stock=true","service":"crm-inventario","status":304,"timestamp":"2026-07-30 21:07:21","user":8}
{"level":"info","message":"PostgreSQL connection removed from pool","service":"crm-inventario","timestamp":"2026-07-30 21:07:51"}
{"level":"info","message":"PostgreSQL connection established","service":"crm-inventario","timestamp":"2026-07-30 21:08:20"}
{"duration":"1054ms","ip":"::1","level":"info","message":"GET /api/products?low_stock=true","service":"crm-inventario","status":304,"timestamp":"2026-07-30 21:08:20","user":8}
{"level":"info","message":"PostgreSQL connection removed from pool","service":"crm-inventario","timestamp":"2026-07-30 21:08:51"}
{"level":"info","message":"PostgreSQL connection established","service":"crm-inventario","timestamp":"2026-07-30 21:09:20"}
{"duration":"1155ms","ip":"::1","level":"info","message":"GET /api/products?low_stock=true","service":"crm-inventario","status":304,"timestamp":"2026-07-30 21:09:21","user":8}
{"level":"info","message":"PostgreSQL connection removed from pool","service":"crm-inventario","timestamp":"2026-07-30 21:09:51"}
{"level":"info","message":"PostgreSQL connection established","service":"crm-inventario","timestamp":"2026-07-30 21:11:19"}
{"duration":"1929ms","ip":"::1","level":"info","message":"GET /api/products?low_stock=true","service":"crm-inventario","status":304,"timestamp":"2026-07-30 21:11:20","user":8}
{"level":"info","message":"PostgreSQL connection removed from pool","service":"crm-inventario","timestamp":"2026-07-30 21:11:50"}
